Microchip Technology Inc, v2.10 (A)

Tool Name:
  /opt/microchip/xc16/v2.10/bin/bin/../bin/elf-ld

Command:
  -p24FJ64GA002 \
  -o \
  //root/Dropbox/EMIC/TARGETS/luciano.rottoli__rfindustrial.com/PruebasModulos/HRD_LoRaWan_3/dist/default/production/target.production.elf \
  -L/opt/microchip/xc16/v2.10/bin/bin/.. \
  -L/opt/microchip/xc16/v2.10/bin/bin/../../lib \
  -L/opt/microchip/xc16/v2.10/bin/bin/../../support/PIC24E/gld \
  -L/opt/microchip/xc16/v2.10/bin/bin/../../support/PIC24F/gld \
  -L/opt/microchip/xc16/v2.10/bin/bin/../../support/PIC24H/gld \
  -L/opt/microchip/xc16/v2.10/bin/bin/../../support/dsPIC30F/gld \
  -L/opt/microchip/xc16/v2.10/bin/bin/../../support/dsPIC33C/gld \
  -L/opt/microchip/xc16/v2.10/bin/bin/../../support/dsPIC33E/gld \
  -L/opt/microchip/xc16/v2.10/bin/bin/../../support/dsPIC33F/gld \
  //root/Dropbox/EMIC/TARGETS/luciano.rottoli__rfindustrial.com/PruebasModulos/HRD_LoRaWan_3/build/default/production/timer.o \
  //root/Dropbox/EMIC/TARGETS/luciano.rottoli__rfindustrial.com/PruebasModulos/HRD_LoRaWan_3/build/default/production/systemTimer.o \
  //root/Dropbox/EMIC/TARGETS/luciano.rottoli__rfindustrial.com/PruebasModulos/HRD_LoRaWan_3/build/default/production/led_Led1.o \
  //root/Dropbox/EMIC/TARGETS/luciano.rottoli__rfindustrial.com/PruebasModulos/HRD_LoRaWan_3/build/default/production/led_Led2.o \
  //root/Dropbox/EMIC/TARGETS/luciano.rottoli__rfindustrial.com/PruebasModulos/HRD_LoRaWan_3/build/default/production/led_Led3.o \
  //root/Dropbox/EMIC/TARGETS/luciano.rottoli__rfindustrial.com/PruebasModulos/HRD_LoRaWan_3/build/default/production/timer_api1.o \
  //root/Dropbox/EMIC/TARGETS/luciano.rottoli__rfindustrial.com/PruebasModulos/HRD_LoRaWan_3/build/default/production/streamIn.o \
  //root/Dropbox/EMIC/TARGETS/luciano.rottoli__rfindustrial.com/PruebasModulos/HRD_LoRaWan_3/build/default/production/UART1.o \
  //root/Dropbox/EMIC/TARGETS/luciano.rottoli__rfindustrial.com/PruebasModulos/HRD_LoRaWan_3/build/default/production/lora_e5.o \
  //root/Dropbox/EMIC/TARGETS/luciano.rottoli__rfindustrial.com/PruebasModulos/HRD_LoRaWan_3/build/default/production/LoraWan_api.o \
  //root/Dropbox/EMIC/TARGETS/luciano.rottoli__rfindustrial.com/PruebasModulos/HRD_LoRaWan_3/build/default/production/stream.o \
  //root/Dropbox/EMIC/TARGETS/luciano.rottoli__rfindustrial.com/PruebasModulos/HRD_LoRaWan_3/build/default/production/I2C1.o \
  //root/Dropbox/EMIC/TARGETS/luciano.rottoli__rfindustrial.com/PruebasModulos/HRD_LoRaWan_3/build/default/production/I2C1_driver.o \
  //root/Dropbox/EMIC/TARGETS/luciano.rottoli__rfindustrial.com/PruebasModulos/HRD_LoRaWan_3/build/default/production/EMICBus.o \
  //root/Dropbox/EMIC/TARGETS/luciano.rottoli__rfindustrial.com/PruebasModulos/HRD_LoRaWan_3/build/default/production/main.o \
  //root/Dropbox/EMIC/TARGETS/luciano.rottoli__rfindustrial.com/PruebasModulos/HRD_LoRaWan_3/build/default/production/userFncFile.o \
  --defsym=__MPLAB_BUILD=1 \
  --defsym=__MPLAB_DEBUG=0 \
  -Tp24FJ64GA002.gld.00 \
  --stack=16 \
  --check-sections \
  --data-init \
  --pack-data \
  --handles \
  --isr \
  --no-gc-sections \
  --fill-upper=0 \
  --stackguard=16 \
  --no-force-link \
  --smart-io \
  -Map=dist/default/production/target.production.map \
  --report-mem \
  --memorysummary \
  dist/default/production/memoryfile.xml \
  -start-group \
  --library=c99-pic30-elf \
  --library=m-elf \
  --library=c99-elf \
  -end-group \


Optional library libpPIC24Fxxx.a not found
Archive member included because of file (symbol)

/opt/microchip/xc16/v2.10/bin/bin/../../lib/libc99-pic30-elf.a(crt0_standard.o)
                              (__resetPRI)
/opt/microchip/xc16/v2.10/bin/bin/../../lib/libc99-pic30-elf.a(data_init_standard.o)
                              /opt/microchip/xc16/v2.10/bin/bin/../../lib/libc99-pic30-elf.a(crt0_standard.o) (__data_init_standard)
/opt/microchip/xc16/v2.10/bin/bin/../../lib/libc99-pic30-elf.a(crt_start_mode_normal.Meo)
                              (__crt_start_mode_normal)
/opt/microchip/xc16/v2.10/bin/bin/../../lib/libc99-pic30-elf.a(delay32.Meo)
                              //root/Dropbox/EMIC/TARGETS/luciano.rottoli__rfindustrial.com/PruebasModulos/HRD_LoRaWan_3/build/default/production/lora_e5.o (___delay32)
/opt/microchip/xc16/v2.10/bin/bin/../../lib/libc99-pic30-elf.a(fixunssfsi.XX_o)
                              //root/Dropbox/EMIC/TARGETS/luciano.rottoli__rfindustrial.com/PruebasModulos/HRD_LoRaWan_3/build/default/production/I2C1.o (___fixunssfsi)
/opt/microchip/xc16/v2.10/bin/bin/../../lib/libc99-pic30-elf.a(floatunsisf.XX_o)
                              //root/Dropbox/EMIC/TARGETS/luciano.rottoli__rfindustrial.com/PruebasModulos/HRD_LoRaWan_3/build/default/production/I2C1.o (___floatunsisf)
/opt/microchip/xc16/v2.10/bin/bin/../../lib/libc99-pic30-elf.a(funpack.XX_o)
                              /opt/microchip/xc16/v2.10/bin/bin/../../lib/libc99-pic30-elf.a(fixunssfsi.XX_o) (__funpack)
[...]
Memory Configuration

Name             Origin             Length             Attributes
data             0x000800           0x002000           a !xr
reset            0x000000           0x000004  
ivt              0x000004           0x0000fc  
_reserved        0x000100           0x000004  
aivt             0x000104           0x0000fc  
program          0x000200           0x00a9fc           xr
CONFIG2          0x00abfc           0x000002  
CONFIG1          0x00abfe           0x000002  
*default*        0x000000           0xffffffffffffffff  

Linker script and memory map

LOAD //root/Dropbox/EMIC/TARGETS/luciano.rottoli__rfindustrial.com/PruebasModulos/HRD_LoRaWan_3/build/default/production/timer.o
LOAD //root/Dropbox/EMIC/TARGETS/luciano.rottoli__rfindustrial.com/PruebasModulos/HRD_LoRaWan_3/build/default/production/systemTimer.o
LOAD //root/Dropbox/EMIC/TARGETS/luciano.rottoli__rfindustrial.com/PruebasModulos/HRD_LoRaWan_3/build/default/production/led_Led1.o
LOAD //root/Dropbox/EMIC/TARGETS/luciano.rottoli__rfindustrial.com/PruebasModulos/HRD_LoRaWan_3/build/default/production/led_Led2.o
LOAD //root/Dropbox/EMIC/TARGETS/luciano.rottoli__rfindustrial.com/PruebasModulos/HRD_LoRaWan_3/build/default/production/led_Led3.o
LOAD //root/Dropbox/EMIC/TARGETS/luciano.rottoli__rfindustrial.com/PruebasModulos/HRD_LoRaWan_3/build/default/production/timer_api1.o
LOAD //root/Dropbox/EMIC/TARGETS/luciano.rottoli__rfindustrial.com/PruebasModulos/HRD_LoRaWan_3/build/default/production/streamIn.o
LOAD //root/Dropbox/EMIC/TARGETS/luciano.rottoli__rfindustrial.com/PruebasModulos/HRD_LoRaWan_3/build/default/production/UART1.o
LOAD //root/Dropbox/EMIC/TARGETS/luciano.rottoli__rfindustrial.com/PruebasModulos/HRD_LoRaWan_3/build/default/production/lora_e5.o
LOAD //root/Dropbox/EMIC/TARGETS/luciano.rottoli__rfindustrial.com/PruebasModulos/HRD_LoRaWan_3/build/default/production/LoraWan_api.o
LOAD //root/Dropbox/EMIC/TARGETS/luciano.rottoli__rfindustrial.com/PruebasModulos/HRD_LoRaWan_3/build/default/production/stream.o
LOAD //root/Dropbox/EMIC/TARGETS/luciano.rottoli__rfindustrial.com/PruebasModulos/HRD_LoRaWan_3/build/default/production/I2C1.o
LOAD //root/Dropbox/EMIC/TARGETS/luciano.rottoli__rfindustrial.com/PruebasModulos/HRD_LoRaWan_3/build/default/production/I2C1_driver.o
LOAD //root/Dropbox/EMIC/TARGETS/luciano.rottoli__rfindustrial.com/PruebasModulos/HRD_LoRaWan_3/build/default/production/EMICBus.o
LOAD //root/Dropbox/EMIC/TARGETS/luciano.rottoli__rfindustrial.com/PruebasModulos/HRD_LoRaWan_3/build/default/production/main.o
LOAD //root/Dropbox/EMIC/TARGETS/luciano.rottoli__rfindustrial.com/PruebasModulos/HRD_LoRaWan_3/build/default/production/userFncFile.o
                    0x0001                  __MPLAB_BUILD = 0x1
                    0x0000                  __MPLAB_DEBUG = 0x0
LOAD pPIC24Fxxx
LOAD /opt/microchip/xc16/v2.10/bin/bin/../../lib/libfx-elf.a
                    0xabfc                  __CONFIG2 = 0xabfc
                    0xabfe                  __CONFIG1 = 0xabfe
                    0x0001                  __NO_HANDLES = 0x1
                    0x0200                  __CODE_BASE = 0x200
                    0xa9fc                  __CODE_LENGTH = 0xa9fc
                    0x0004                  __IVT_BASE = 0x4
                    0x0104                  __AIVT_BASE = 0x104
                    0x0800                  __DATA_BASE = 0x800
                    0x2000                  __DATA_LENGTH = 0x2000

.reset            0x000000          0x4
                  0x000000          0x2 SHORT 0x200 ABSOLUTE (__reset)
                  0x000001          0x2 SHORT 0x4
                  0x000002          0x2 SHORT 0x0 ((ABSOLUTE (__reset) >> 0x10) & 0x7f)
                  0x000003          0x2 SHORT 0x0

.text             0x000200       0x48d4
 *(.init)
 .init            0x000200         0x4c /opt/microchip/xc16/v2.10/bin/bin/../../lib/libc99-pic30-elf.a(crt0_standard.o)
                  0x000200                  __reset
                  0x000200                  __resetPRI
                  0x00023c                  __psv_init
 .init            0x00024c         0x7c /opt/microchip/xc16/v2.10/bin/bin/../../lib/libc99-pic30-elf.a(data_init_standard.o)
                  0x000252                  __data_init
                  0x000252                  __data_init_standard
 *(.user_init)
 *(.handle)
 *(.isr*)
 .isr.text        0x0002f4         0x28 //root/Dropbox/EMIC/TARGETS/luciano.rottoli__rfindustrial.com/PruebasModulos/HRD_LoRaWan_3/build/default/production/timer.o
                  0x0002f4                  __T4Interrupt
 .isr.text        0x00031c         0x82 //root/Dropbox/EMIC/TARGETS/luciano.rottoli__rfindustrial.com/PruebasModulos/HRD_LoRaWan_3/build/default/production/UART1.o
                  0x00031c                  __U1TXInterrupt
                  0x00035e                  __U1RXInterrupt
 .isr.text        0x00039e         0x4c //root/Dropbox/EMIC/TARGETS/luciano.rottoli__rfindustrial.com/PruebasModulos/HRD_LoRaWan_3/build/default/production/I2C1.o
                  0x00039e                  __SI2C1Interrupt
                  0x0003c4                  __MI2C1Interrupt
 .isr             0x0003ea          0x4 default_isr
                  0x0003ea                  __DefaultInterrupt
 *(.libc)
 *(.libm)
 *(.libdsp)
 *(.lib*)
 .libpic30_crt_start_mode
                  0x0003ee          0x2 /opt/microchip/xc16/v2.10/bin/bin/../../lib/libc99-pic30-elf.a(crt_start_mode_normal.Meo)
                  0x0003ee                  __crt_start_mode_normal
                  0x0003ee                  __crt_start_mode
 .libm.fixunssfsi
                  0x0003f0         0x36 /opt/microchip/xc16/v2.10/bin/bin/../../lib/libc99-pic30-elf.a(fixunssfsi.XX_o)
                  0x0003f0                  ___fixunssfsi
 .libm.floatunsisf
                  0x000426          0x4 /opt/microchip/xc16/v2.10/bin/bin/../../lib/libc99-pic30-elf.a(floatunsisf.XX_o)
                  0x000426                  ___floatunsisf
 .libm.funpack    0x00042a         0x2a /opt/microchip/xc16/v2.10/bin/bin/../../lib/libc99-pic30-elf.a(funpack.XX_o)
                  0x00042a                  __funpack
 .libm.udivsi3    0x000454         0x20 /opt/microchip/xc16/v2.10/bin/bin/../../lib/libc99-pic30-elf.a(udivsi3.XX_o)
                  0x000454                  ___udivsi3
 .libmx           0x000474        0x1dc /opt/microchip/xc16/v2.10/bin/bin/../../lib/libc99-pic30-elf.a(addsf3x.XX_o)
                  0x000474                  ___subsf3
                  0x000474                  ___subsf3x
                  0x000486                  ___addsf3
                  0x000486                  ___addsf3x
 .libmx           0x000650        0x1be /opt/microchip/xc16/v2.10/bin/bin/../../lib/libc99-pic30-elf.a(divsf3x.XX_o)
                  0x000650                  ___divsf3x
                  0x000650                  ___divsf3
                  0x0007e2                  __sdivf
 .libmx           0x00080e         0x54 /opt/microchip/xc16/v2.10/bin/bin/../../lib/libc99-pic30-elf.a(dnrmpackfx.XX_o)
                  0x00080e                  __dnrmpackf
 .libmx           0x000862         0x34 /opt/microchip/xc16/v2.10/bin/bin/../../lib/libc99-pic30-elf.a(typefx.XX_o)
                  0x000862                  __typef
 .libmx           0x000896         0x12 /opt/microchip/xc16/v2.10/bin/bin/../../lib/libc99-pic30-elf.a(propnanfx.XX_o)
                  0x000896                  __propnanf
 .libmx           0x0008a8         0xa6 /opt/microchip/xc16/v2.10/bin/bin/../../lib/libc99-pic30-elf.a(spackfx.XX_o)
                  0x0008a8                  __spackf
 .libmx           0x00094e         0x66 /opt/microchip/xc16/v2.10/bin/bin/../../lib/libc99-pic30-elf.a(unpackfx.XX_o)
                  0x00094e                  __unpackf
 .libm.floatundisf
                  0x0009b4         0x5e /opt/microchip/xc16/v2.10/bin/bin/../../lib/libc99-pic30-elf.a(floatundisf.XX_o)
                  0x0009b4                  ___floatundisf
 .libm.fpack      0x000a12         0x4c /opt/microchip/xc16/v2.10/bin/bin/../../lib/libc99-pic30-elf.a(fpack.XX_o)
                  0x000a12                  __fpack
 .libc.__wrap_sprintf
                  0x000a5e          0xc /opt/microchip/xc16/v2.10/bin/bin/../../lib/libc99-elf.a(__sio_sprintf_dosux.XX_o)
                  0x000a5e                  __sprintf_cdnopsuxX
                  0x000a5e                  __dsprintf_cdnopsuxX
 .libc.__sio_sprintf_dosux
                  0x000a6a          0xe /opt/microchip/xc16/v2.10/bin/bin/../../lib/libc99-elf.a(__sio_sprintf_dosux.XX_o)
                  0x000a6a                  ___sio_sprintf_dosux
 .libc.atof       0x000a78          0x4 /opt/microchip/xc16/v2.10/bin/bin/../../lib/libc99-elf.a(atof.XX_o)
                  0x000a78                  _atof
 .libc.__isspace
                  0x000a7c         0x14 /opt/microchip/xc16/v2.10/bin/bin/../../lib/libc99-elf.a(atoi.XX_o)
 .libc.atoi       0x000a90         0x4c /opt/microchip/xc16/v2.10/bin/bin/../../lib/libc99-elf.a(atoi.XX_o)
                  0x000a90                  _atoi
 .libc.__isspace
                  0x000adc         0x14 /opt/microchip/xc16/v2.10/bin/bin/../../lib/libc99-elf.a(atol.XX_o)
 .libc.atol       0x000af0         0x54 /opt/microchip/xc16/v2.10/bin/bin/../../lib/libc99-elf.a(atol.XX_o)
                  0x000af0                  _atol
 .libc.__isspace
                  0x000b44         0x14 /opt/microchip/xc16/v2.10/bin/bin/../../lib/libc99-elf.a(atoll.XX_o)
 .libc.atoll      0x000b58         0x64 /opt/microchip/xc16/v2.10/bin/bin/../../lib/libc99-elf.a(atoll.XX_o)
                  0x000b58                  _atoll
 .libc.memcpy     0x000bbc          0xe /opt/microchip/xc16/v2.10/bin/bin/../../lib/libc99-elf.a(memcpy.XX_o)
                  0x000bbc                  _memcpy
 .libc.memset     0x000bca         0xc8 /opt/microchip/xc16/v2.10/bin/bin/../../lib/libc99-elf.a(memset.XX_o)
                  0x000bca                  _memset
 .libc.snprintf
                  0x000c92          0xc /opt/microchip/xc16/v2.10/bin/bin/../../lib/libc99-elf.a(snprintf.XX_o)
                  0x000c92                  _snprintf
 .libc.strcpy     0x000c9e          0xe /opt/microchip/xc16/v2.10/bin/bin/../../lib/libc99-elf.a(strcpy.XX_o)
                  0x000c9e                  _strcpy
 .libc.twobyte_strstr
                  0x000cac         0x2c /opt/microchip/xc16/v2.10/bin/bin/../../lib/libc99-elf.a(strstr.XX_o)
 .libc.threebyte_strstr
                  0x000cd8         0x5e /opt/microchip/xc16/v2.10/bin/bin/../../lib/libc99-elf.a(strstr.XX_o)
 .libc.fourbyte_strstr
                  0x000d36         0x6c /opt/microchip/xc16/v2.10/bin/bin/../../lib/libc99-elf.a(strstr.XX_o)
 .libc.twoway_strstr
                  0x000da2        0x19a /opt/microchip/xc16/v2.10/bin/bin/../../lib/libc99-elf.a(strstr.XX_o)
 .libc.strstr     0x000f3c         0x5a /opt/microchip/xc16/v2.10/bin/bin/../../lib/libc99-elf.a(strstr.XX_o)
                  0x000f3c                  _strstr
 .libc.strtox     0x000f96         0x58 /opt/microchip/xc16/v2.10/bin/bin/../../lib/libc99-elf.a(strtod.XX_o)
 .libc.strtof     0x000fee          0x6 /opt/microchip/xc16/v2.10/bin/bin/../../lib/libc99-elf.a(strtod.XX_o)
                  0x000fee                  _strtof_l
                  0x000fee                  ___strtof_l
                  0x000fee                  _strtof
 .libc.strtod     0x000ff4          0x6 /opt/microchip/xc16/v2.10/bin/bin/../../lib/libc99-elf.a(strtod.XX_o)
                  0x000ff4                  _strtod_l
                  0x000ff4                  ___strtod_l
                  0x000ff4                  _strtod
 .libc.strtold    0x000ffa          0x4 /opt/microchip/xc16/v2.10/bin/bin/../../lib/libc99-elf.a(strtod.XX_o)
                  0x000ffa                  ___strtold_l
                  0x000ffa                  _strtold_l
                  0x000ffa                  _strtold
 .libc.vsnprintf
                  0x000ffe         0x50 /opt/microchip/xc16/v2.10/bin/bin/../../lib/libc99-elf.a(vsnprintf.XX_o)
                  0x000ffe                  _vsnprintf
 .libc.__fmt_d    0x00104e         0xb2 /opt/microchip/xc16/v2.10/bin/bin/../../lib/libc99-elf.a(__fmt_d.XX_o)
                  0x00104e                  ___fmt_d_needed
                  0x00104e                  ___fmt_d
 .libc.__fmt_o    0x001100         0x6a /opt/microchip/xc16/v2.10/bin/bin/../../lib/libc99-elf.a(__fmt_o.XX_o)
                  0x001100                  ___fmt_o_needed
                  0x001100                  ___fmt_o
 .libc.__fmt_s    0x00116a         0x54 /opt/microchip/xc16/v2.10/bin/bin/../../lib/libc99-elf.a(__fmt_s.XX_o)
                  0x00116a                  ___fmt_s
                  0x00116a                  ___fmt_0_needed
                  0x00116a                  ___fmt_s_needed
 .libc.__cvt_u    0x0011be         0xa6 /opt/microchip/xc16/v2.10/bin/bin/../../lib/libc99-elf.a(__fmt_u.XX_o)
                  0x0011be                  ___cvt_u
 .libc.__fmt_u    0x001264         0x52 /opt/microchip/xc16/v2.10/bin/bin/../../lib/libc99-elf.a(__fmt_u.XX_o)
                  0x001264                  ___fmt_u_needed
                  0x001264                  ___fmt_u
 .libc.__fmt_x    0x0012b6        0x14a /opt/microchip/xc16/v2.10/bin/bin/../../lib/libc99-elf.a(__fmt_x.XX_o)
                  0x0012b6                  ___fmt_x
                  0x0012b6                  ___fmt_x_needed
 .libc.__vsprintf
                  0x001400          0x8 /opt/microchip/xc16/v2.10/bin/bin/../../lib/libc99-elf.a(__int_vsprintf.XX_o)
                  0x001400                  ___vsprintf
 .libc.__pop_int
                  0x001408         0xa8 /opt/microchip/xc16/v2.10/bin/bin/../../lib/libc99-elf.a(__pop_int.XX_o)
                  0x001408                  ___pop_int_needed
                  0x001408                  ___pop_int
 .libc.__pop_ptr
                  0x0014b0         0x70 /opt/microchip/xc16/v2.10/bin/bin/../../lib/libc99-elf.a(__pop_ptr.XX_o)
                  0x0014b0                  ___pop_ptr
                  0x0014b0                  ___pop_ptr_needed
 .libc.__string_out
                  0x001520         0x26 /opt/microchip/xc16/v2.10/bin/bin/../../lib/libc99-elf.a(__printf_core.XX_o)
                  0x001520                  ___out
 .libc.__pad      0x001546         0x74 /opt/microchip/xc16/v2.10/bin/bin/../../lib/libc99-elf.a(__printf_core.XX_o)
                  0x001546                  ___pad
 .libc.__dummy_fmt3
                  0x0015ba          0x2 /opt/microchip/xc16/v2.10/bin/bin/../../lib/libc99-elf.a(__printf_core.XX_o)
 .libc.__dummy_fmt4
                  0x0015bc          0x2 /opt/microchip/xc16/v2.10/bin/bin/../../lib/libc99-elf.a(__printf_core.XX_o)
 .libc.__dummy_fmts
                  0x0015be          0x2 /opt/microchip/xc16/v2.10/bin/bin/../../lib/libc99-elf.a(__printf_core.XX_o)
 .libc.__fmt_state
                  0x0015c0         0x2c /opt/microchip/xc16/v2.10/bin/bin/../../lib/libc99-elf.a(__printf_core.XX_o)
                  0x0015c0                  ___fmt_state
 .libc.vfpfcnvrt.clone.0
                  0x0015ec        0x2d8 /opt/microchip/xc16/v2.10/bin/bin/../../lib/libc99-elf.a(__printf_core.XX_o)
 .libc.__printf_core
                  0x0018c4         0x40 /opt/microchip/xc16/v2.10/bin/bin/../../lib/libc99-elf.a(__printf_core.XX_o)
                  0x0018c4                  ___printf_core
 .libc.__isspace
                  0x001904         0x14 /opt/microchip/xc16/v2.10/bin/bin/../../lib/libc99-elf.a(floatscan.XX_o)
 .libc.scanexp    0x001918        0x174 /opt/microchip/xc16/v2.10/bin/bin/../../lib/libc99-elf.a(floatscan.XX_o)
 .libc.hexfloat
                  0x001a8c        0x532 /opt/microchip/xc16/v2.10/bin/bin/../../lib/libc99-elf.a(floatscan.XX_o)
 .libc.decfloat
                  0x001fbe        0x900 /opt/microchip/xc16/v2.10/bin/bin/../../lib/libc99-elf.a(floatscan.XX_o)
 .libc.__floatscan
                  0x0028be        0x22c /opt/microchip/xc16/v2.10/bin/bin/../../lib/libc99-elf.a(floatscan.XX_o)
                  0x0028be                  ___floatscan
 .libc.memchr     0x002aea         0x60 /opt/microchip/xc16/v2.10/bin/bin/../../lib/libc99-elf.a(memchr.XX_o)
                  0x002aea                  _memchr
 .libc.memcmp     0x002b4a         0x1c /opt/microchip/xc16/v2.10/bin/bin/../../lib/libc99-elf.a(memcmp.XX_o)
                  0x002b4a                  _memcmp
 .libc.__shlim    0x002b66         0x4a /opt/microchip/xc16/v2.10/bin/bin/../../lib/libc99-elf.a(shgetc.XX_o)
                  0x002b66                  ___shlim
 .libc.__shgetc
                  0x002bb0        0x130 /opt/microchip/xc16/v2.10/bin/bin/../../lib/libc99-elf.a(shgetc.XX_o)
                  0x002bb0                  ___shgetc
 .libc.__stpcpy
                  0x002ce0         0x40 /opt/microchip/xc16/v2.10/bin/bin/../../lib/libc99-elf.a(stpcpy.XX_o)
                  0x002ce0                  _stpcpy
                  0x002ce0                  ___stpcpy
 .libc.strchr     0x002d20         0x12 /opt/microchip/xc16/v2.10/bin/bin/../../lib/libc99-elf.a(strchr.XX_o)
                  0x002d20                  _strchr
 .libc.__strchrnul
                  0x002d32         0x58 /opt/microchip/xc16/v2.10/bin/bin/../../lib/libc99-elf.a(strchrnul.XX_o)
                  0x002d32                  _strchrnul
                  0x002d32                  ___strchrnul
 .libc.strlen     0x002d8a         0x30 /opt/microchip/xc16/v2.10/bin/bin/../../lib/libc99-elf.a(strlen.XX_o)
                  0x002d8a                  _strlen
 .libc.tolower    0x002dba          0xc /opt/microchip/xc16/v2.10/bin/bin/../../lib/libc99-elf.a(tolower.XX_o)
                  0x002dba                  _tolower
 .libc.__tolower_l
                  0x002dc6          0x2 /opt/microchip/xc16/v2.10/bin/bin/../../lib/libc99-elf.a(tolower.XX_o)
                  0x002dc6                  _tolower_l
                  0x002dc6                  ___tolower_l
 .libc.toupper    0x002dc8          0xc /opt/microchip/xc16/v2.10/bin/bin/../../lib/libc99-elf.a(toupper.XX_o)
                  0x002dc8                  _toupper
 .libc.__toupper_l
                  0x002dd4          0x2 /opt/microchip/xc16/v2.10/bin/bin/../../lib/libc99-elf.a(toupper.XX_o)
                  0x002dd4                  _toupper_l
                  0x002dd4                  ___toupper_l
 .libc.vfprintf
                  0x002dd6         0x1c /opt/microchip/xc16/v2.10/bin/bin/../../lib/libc99-elf.a(vfprintf.XX_o)
                  0x002dd6                  _vfprintf
 .libc.__vsnprintf
                  0x002df2         0x4a /opt/microchip/xc16/v2.10/bin/bin/../../lib/libc99-elf.a(__int_vsnprintf.XX_o)
                  0x002df2                  ___vsnprintf
 .libc.__pop_float
                  0x002e3c         0x3e /opt/microchip/xc16/v2.10/bin/bin/../../lib/libc99-elf.a(__pop_float.XX_o)
                  0x002e3c                  ___pop_float_needed
                  0x002e3c                  ___pop_float
 .libc.__uflow    0x002e7a         0x2a /opt/microchip/xc16/v2.10/bin/bin/../../lib/libc99-elf.a(__uflow.XX_o)
                  0x002e7a                  ___uflow
 .libc.__LONG_DOUBLE_BITS
                  0x002ea4          0x2 /opt/microchip/xc16/v2.10/bin/bin/../../lib/libc99-elf.a(__fmt_a.XX_o)
 .libc.__fmt_a    0x002ea6        0x544 /opt/microchip/xc16/v2.10/bin/bin/../../lib/libc99-elf.a(__fmt_a.XX_o)
                  0x002ea6                  ___fmt_a
                  0x002ea6                  ___fmt_a_needed
 .libc.__LONG_DOUBLE_BITS
                  0x0033ea          0x2 /opt/microchip/xc16/v2.10/bin/bin/../../lib/libc99-elf.a(__fmt_fp.XX_o)
 .libc.__fmt_fp
                  0x0033ec        0x5b6 /opt/microchip/xc16/v2.10/bin/bin/../../lib/libc99-elf.a(__fmt_fp.XX_o)
                  0x0033ec                  ___fmt_fp
                  0x0033ec                  ___fmt_f_needed
 .libc.__vfprintf
                  0x0039a2         0x1c /opt/microchip/xc16/v2.10/bin/bin/../../lib/libc99-elf.a(__int_vfprintf.XX_o)
                  0x0039a2                  ___vfprintf
 .libc.__toread
                  0x0039be         0x48 /opt/microchip/xc16/v2.10/bin/bin/../../lib/libc99-elf.a(__toread.XX_o)
                  0x0039be                  ___toread
 .libc.__toread_needs_stdio_exit
                  0x003a06          0x2 /opt/microchip/xc16/v2.10/bin/bin/../../lib/libc99-elf.a(__toread.XX_o)
                  0x003a06                  ___toread_needs_stdio_exit
 .libc.__dummy    0x003a08          0x2 /opt/microchip/xc16/v2.10/bin/bin/../../lib/libc99-elf.a(__stdio_exit.XX_o)
                  0x003a08                  ___stdio_exit_ofl
 .libc.__dummy1
                  0x003a0a          0x2 /opt/microchip/xc16/v2.10/bin/bin/../../lib/libc99-elf.a(__stdio_exit.XX_o)
                  0x003a0a                  ___fclose
 .libc.__stdio_exit
                  0x003a0c         0x14 /opt/microchip/xc16/v2.10/bin/bin/../../lib/libc99-elf.a(__stdio_exit.XX_o)
                  0x003a0c                  ___stdio_exit
                  0x003a0c                  ___stdio_exit_needed
 .libm.eqdf2      0x003a20          0xa /opt/microchip/xc16/v2.10/bin/bin/../../lib/libc99-pic30-elf.a(deqltle.XX_o)
                  0x003a20                  ___ledf2
                  0x003a20                  ___eqdf2
                  0x003a20                  ___ltdf2
 .libm.gtdf2      0x003a2a          0xa /opt/microchip/xc16/v2.10/bin/bin/../../lib/libc99-pic30-elf.a(dgtge.XX_o)
                  0x003a2a                  ___gedf2
                  0x003a2a                  ___gtdf2
 .libm.divsi3     0x003a34         0x1e /opt/microchip/xc16/v2.10/bin/bin/../../lib/libc99-pic30-elf.a(divsi3.XX_o)
                  0x003a34                  ___divsi3
 .libm.nedf2      0x003a52          0xa /opt/microchip/xc16/v2.10/bin/bin/../../lib/libc99-pic30-elf.a(dne.XX_o)
                  0x003a52                  ___nedf2
 .libm.extendsfdf2
                  0x003a5c         0x3e /opt/microchip/xc16/v2.10/bin/bin/../../lib/libc99-pic30-elf.a(extendsfdf.XX_o)
                  0x003a5c                  ___extendsfdf2
 .libm.fixdfsi    0x003a9a         0x58 /opt/microchip/xc16/v2.10/bin/bin/../../lib/libc99-pic30-elf.a(fixdfsi.XX_o)
                  0x003a9a                  _(float, int, long long, double, float, short, int)
 .libm.floatsidf
                  0x003af2          0x6 /opt/microchip/xc16/v2.10/bin/bin/../../lib/libc99-pic30-elf.a(floatsidf.XX_o)
                  0x003af2                  ___floatsidf
 .libm.floatsisf
                  0x003af8          0x6 /opt/microchip/xc16/v2.10/bin/bin/../../lib/libc99-pic30-elf.a(floatsisf.XX_o)
                  0x003af8                  ___floatsisf
 .libm.floatunsidf
                  0x003afe          0x4 /opt/microchip/xc16/v2.10/bin/bin/../../lib/libc99-pic30-elf.a(floatunsidf.XX_o)
                  0x003afe                  ___floatunsidf
 .libm.truncdfsf2
                  0x003b02         0x56 /opt/microchip/xc16/v2.10/bin/bin/../../lib/libc99-pic30-elf.a(truncdfsf.XX_o)
                  0x003b02                  ___truncdfsf2
 .libm.umodsi3    0x003b58          0x6 /opt/microchip/xc16/v2.10/bin/bin/../../lib/libc99-pic30-elf.a(umodsi3.XX_o)
                  0x003b58                  ___umodsi3
 .libm.mulsi3     0x003b5e          0xc /opt/microchip/xc16/v2.10/bin/bin/../../lib/libc99-pic30-elf.a(mulsi3.XX_o)
                  0x003b5e                  ___mulp32eds3
                  0x003b5e                  ___mulp32peds3
                  0x003b5e                  ___mulsi3
 .lib_dpfops      0x003b6a         0xa2 /opt/microchip/xc16/v2.10/bin/bin/../../lib/libc99-pic30-elf.a(dpadd.XX_o)
                  0x003b6a                  ___subdf3
                  0x003b76                  ___adddf3
 .lib_dpfops      0x003c0c        0x15e /opt/microchip/xc16/v2.10/bin/bin/../../lib/libc99-pic30-elf.a(dpdiv.XX_o)
                  0x003c0c                  ___divdf3
 .lib_dpfops      0x003d6a        0x11a /opt/microchip/xc16/v2.10/bin/bin/../../lib/libc99-pic30-elf.a(dpmul.XX_o)
                  0x003d6a                  ___muldf3
 .lib_dpfops      0x003e84        0x128 /opt/microchip/xc16/v2.10/bin/bin/../../lib/libc99-pic30-elf.a(dpsubs.XX_o)
                  0x003e9e                  __dxchg
                  0x003eac                  __drshft
                  0x003f06                  __dupchk
                  0x003f68                  __drndex
                  0x003f72                  __dnsrnd
                  0x003f9e                  __dpakex
 .libmx           0x003fac        0x10c /opt/microchip/xc16/v2.10/bin/bin/../../lib/libc99-pic30-elf.a(mulsf3x.XX_o)
                  0x003fac                  ___mulsf3
                  0x003fac                  ___mulsf3x
 .libmx           0x0040b8         0x5e /opt/microchip/xc16/v2.10/bin/bin/../../lib/libc99-pic30-elf.a(unpackdnrmfx.XX_o)
                  0x0040b8                  __unpackdnrmf
 .libm.__PplusBdi
                  0x004116         0x26 /opt/microchip/xc16/v2.10/bin/bin/../../lib/libc99-pic30-elf.a(divmoddi3.XX_o)
 .libm.__PminusBdi
                  0x00413c         0x26 /opt/microchip/xc16/v2.10/bin/bin/../../lib/libc99-pic30-elf.a(divmoddi3.XX_o)
 .libm.__udivmoddi3
                  0x004162         0xe6 /opt/microchip/xc16/v2.10/bin/bin/../../lib/libc99-pic30-elf.a(divmoddi3.XX_o)
                  0x004162                  ___udivmoddi3
 .libm.__udivdi3
                  0x004248          0xe /opt/microchip/xc16/v2.10/bin/bin/../../lib/libc99-pic30-elf.a(divmoddi3.XX_o)
                  0x004248                  ___udivdi3
 .libm.__umoddi3
                  0x004256          0x8 /opt/microchip/xc16/v2.10/bin/bin/../../lib/libc99-pic30-elf.a(divmoddi3.XX_o)
                  0x004256                  ___umoddi3
 .libm.__divdi3
                  0x00425e         0x60 /opt/microchip/xc16/v2.10/bin/bin/../../lib/libc99-pic30-elf.a(divmoddi3.XX_o)
                  0x00425e                  ___divdi3
 .libm.__moddi3
                  0x0042be         0x5c /opt/microchip/xc16/v2.10/bin/bin/../../lib/libc99-pic30-elf.a(divmoddi3.XX_o)
                  0x0042be                  ___moddi3
 .libm.__muldi3
                  0x00431a         0x52 /opt/microchip/xc16/v2.10/bin/bin/../../lib/libc99-pic30-elf.a(muldi3.XX_o)
                  0x00431a                  ___muldi3
 .libm.dcompare
                  0x00436c         0x52 /opt/microchip/xc16/v2.10/bin/bin/../../lib/libc99-pic30-elf.a(dcompare.XX_o)
                  0x00436c                  __dcompare
 .libm.dtype      0x0043be         0x24 /opt/microchip/xc16/v2.10/bin/bin/../../lib/libc99-pic30-elf.a(dtype.XX_o)
                  0x0043be                  __dtype
 .libm.dunpack    0x0043e2         0x4e /opt/microchip/xc16/v2.10/bin/bin/../../lib/libc99-pic30-elf.a(dunpack.XX_o)
                  0x0043e2                  __dunpack
 .libm.dunpack2
                  0x004430         0x32 /opt/microchip/xc16/v2.10/bin/bin/../../lib/libc99-pic30-elf.a(dunpack2.XX_o)
                  0x004430                  __dunpack2
                  0x004452                  __dreturnNaN
                  0x004458                  __dunpack2exit
 .libm.floatdidf
                  0x004462         0x20 /opt/microchip/xc16/v2.10/bin/bin/../../lib/libc99-pic30-elf.a(floatdidf.XX_o)
                  0x004462                  ___floatdidf
 .libm.floatdisf
                  0x004482         0x20 /opt/microchip/xc16/v2.10/bin/bin/../../lib/libc99-pic30-elf.a(floatdisf.XX_o)
                  0x004482                  ___floatdisf
 .libm.floatundidf
                  0x0044a2         0x56 /opt/microchip/xc16/v2.10/bin/bin/../../lib/libc99-pic30-elf.a(floatundidf.XX_o)
                  0x0044a2                  ___floatundidf
 .libm.umuldi3    0x0044f8         0x44 /opt/microchip/xc16/v2.10/bin/bin/../../lib/libc99-pic30-elf.a(umuldi3.XX_o)
                  0x0044f8                  ___umuldi3
 .libm.dpack      0x00453c         0x58 /opt/microchip/xc16/v2.10/bin/bin/../../lib/libc99-pic30-elf.a(dpack.XX_o)
                  0x00453c                  __dpack
 .libm.dPropagateNaN
                  0x004594         0x1c /opt/microchip/xc16/v2.10/bin/bin/../../lib/libc99-pic30-elf.a(dpropagateNaN.XX_o)
                  0x004594                  __dPropagateNaN
 .libc.copysignl
                  0x0045b0         0x34 /opt/microchip/xc16/v2.10/bin/bin/../../lib/libm-elf.a(copysignl.XX_o)
                  0x0045b0                  _copysignl
 .libc.fabsl      0x0045e4         0x16 /opt/microchip/xc16/v2.10/bin/bin/../../lib/libm-elf.a(fabsl.XX_o)
                  0x0045e4                  _fabsl
 .libc.floorl     0x0045fa         0xf8 /opt/microchip/xc16/v2.10/bin/bin/../../lib/libm-elf.a(floorl.XX_o)
                  0x0045fa                  _floorl
 .libc.__LONG_DOUBLE_BITS
                  0x0046f2          0x2 /opt/microchip/xc16/v2.10/bin/bin/../../lib/libm-elf.a(fmodl.XX_o)
 .libc.fmodl      0x0046f4        0x32c /opt/microchip/xc16/v2.10/bin/bin/../../lib/libm-elf.a(fmodl.XX_o)
                  0x0046f4                  _fmodl
 .libc.scalbnf    0x004a20         0x54 /opt/microchip/xc16/v2.10/bin/bin/../../lib/libm-elf.a(scalbnf.XX_o)
                  0x004a20                  _scalbnf
 .libc.scalbnl    0x004a74         0x60 /opt/microchip/xc16/v2.10/bin/bin/../../lib/libm-elf.a(scalbnl.XX_o)
                  0x004a74                  _scalbnl

usercode
 *(usercode)

__CONFIG2
 *(__CONFIG2.sec*)

__CONFIG1
 *(__CONFIG1.sec*)

.comment
 *(.comment)

.debug_info       0x000000       0x17ba
 *(.debug_info)
 .debug_info      0x000000         0x90 /opt/microchip/xc16/v2.10/bin/bin/../../lib/libc99-pic30-elf.a(fixunssfsi.XX_o)
 .debug_info      0x000090         0x91 /opt/microchip/xc16/v2.10/bin/bin/../../lib/libc99-pic30-elf.a(floatunsisf.XX_o)
 .debug_info      0x000121         0x8d /opt/microchip/xc16/v2.10/bin/bin/../../lib/libc99-pic30-elf.a(funpack.XX_o)
 .debug_info      0x0001ae         0x8d /opt/microchip/xc16/v2.10/bin/bin/../../lib/libc99-pic30-elf.a(udivsi3.XX_o)
 .debug_info      0x00023b         0x9d /opt/microchip/xc16/v2.10/bin/bin/../../lib/libc99-pic30-elf.a(addsf3x.XX_o)
 .debug_info      0x0002d8         0x9d /opt/microchip/xc16/v2.10/bin/bin/../../lib/libc99-pic30-elf.a(divsf3x.XX_o)
 .debug_info      0x000375         0xa0 /opt/microchip/xc16/v2.10/bin/bin/../../lib/libc99-pic30-elf.a(dnrmpackfx.XX_o)
 .debug_info      0x000415         0x9c /opt/microchip/xc16/v2.10/bin/bin/../../lib/libc99-pic30-elf.a(typefx.XX_o)
 .debug_info      0x0004b1         0x9f /opt/microchip/xc16/v2.10/bin/bin/../../lib/libc99-pic30-elf.a(propnanfx.XX_o)
 .debug_info      0x000550         0x9d /opt/microchip/xc16/v2.10/bin/bin/../../lib/libc99-pic30-elf.a(spackfx.XX_o)
 .debug_info      0x0005ed         0x9e /opt/microchip/xc16/v2.10/bin/bin/../../lib/libc99-pic30-elf.a(unpackfx.XX_o)
 .debug_info      0x00068b         0x91 /opt/microchip/xc16/v2.10/bin/bin/../../lib/libc99-pic30-elf.a(floatundisf.XX_o)
 .debug_info      0x00071c         0x8b /opt/microchip/xc16/v2.10/bin/bin/../../lib/libc99-pic30-elf.a(fpack.XX_o)
 .debug_info      0x0007a7         0x8d /opt/microchip/xc16/v2.10/bin/bin/../../lib/libc99-pic30-elf.a(deqltle.XX_o)
 .debug_info      0x000834         0x8b /opt/microchip/xc16/v2.10/bin/bin/../../lib/libc99-pic30-elf.a(dgtge.XX_o)
 .debug_info      0x0008bf         0x8c /opt/microchip/xc16/v2.10/bin/bin/../../lib/libc99-pic30-elf.a(divsi3.XX_o)
 .debug_info      0x00094b         0x89 /opt/microchip/xc16/v2.10/bin/bin/../../lib/libc99-pic30-elf.a(dne.XX_o)
 .debug_info      0x0009d4         0x90 /opt/microchip/xc16/v2.10/bin/bin/../../lib/libc99-pic30-elf.a(extendsfdf.XX_o)
 .debug_info      0x000a64         0x8d /opt/microchip/xc16/v2.10/bin/bin/../../lib/libc99-pic30-elf.a(fixdfsi.XX_o)
 .debug_info      0x000af1         0x8f /opt/microchip/xc16/v2.10/bin/bin/../../lib/libc99-pic30-elf.a(floatsidf.XX_o)
 .debug_info      0x000b80         0x8f /opt/microchip/xc16/v2.10/bin/bin/../../lib/libc99-pic30-elf.a(floatsisf.XX_o)
 .debug_info      0x000c0f         0x91 /opt/microchip/xc16/v2.10/bin/bin/../../lib/libc99-pic30-elf.a(floatunsidf.XX_o)
 .debug_info      0x000ca0         0x8f /opt/microchip/xc16/v2.10/bin/bin/../../lib/libc99-pic30-elf.a(truncdfsf.XX_o)
 .debug_info      0x000d2f         0x8d /opt/microchip/xc16/v2.10/bin/bin/../../lib/libc99-pic30-elf.a(umodsi3.XX_o)
 .debug_info      0x000dbc         0x8c /opt/microchip/xc16/v2.10/bin/bin/../../lib/libc99-pic30-elf.a(mulsi3.XX_o)
 .debug_info      0x000e48         0xa9 /opt/microchip/xc16/v2.10/bin/bin/../../lib/libc99-pic30-elf.a(dpadd.XX_o)
 .debug_info      0x000ef1         0xa9 /opt/microchip/xc16/v2.10/bin/bin/../../lib/libc99-pic30-elf.a(dpdiv.XX_o)
 .debug_info      0x000f9a         0xa9 /opt/microchip/xc16/v2.10/bin/bin/../../lib/libc99-pic30-elf.a(dpmul.XX_o)
 .debug_info      0x001043         0xaa /opt/microchip/xc16/v2.10/bin/bin/../../lib/libc99-pic30-elf.a(dpsubs.XX_o)
 .debug_info      0x0010ed         0x9d /opt/microchip/xc16/v2.10/bin/bin/../../lib/libc99-pic30-elf.a(mulsf3x.XX_o)
 .debug_info      0x00118a         0xa2 /opt/microchip/xc16/v2.10/bin/bin/../../lib/libc99-pic30-elf.a(unpackdnrmfx.XX_o)
 .debug_info      0x00122c         0x8e /opt/microchip/xc16/v2.10/bin/bin/../../lib/libc99-pic30-elf.a(dcompare.XX_o)
 .debug_info      0x0012ba         0x8b /opt/microchip/xc16/v2.10/bin/bin/../../lib/libc99-pic30-elf.a(dtype.XX_o)
 .debug_info      0x001345         0x8d /opt/microchip/xc16/v2.10/bin/bin/../../lib/libc99-pic30-elf.a(dunpack.XX_o)
 .debug_info      0x0013d2         0x8e /opt/microchip/xc16/v2.10/bin/bin/../../lib/libc99-pic30-elf.a(dunpack2.XX_o)
 .debug_info      0x001460         0x8f /opt/microchip/xc16/v2.10/bin/bin/../../lib/libc99-pic30-elf.a(floatdidf.XX_o)
 .debug_info      0x0014ef         0x8f /opt/microchip/xc16/v2.10/bin/bin/../../lib/libc99-pic30-elf.a(floatdisf.XX_o)
 .debug_info      0x00157e         0x91 /opt/microchip/xc16/v2.10/bin/bin/../../lib/libc99-pic30-elf.a(floatundidf.XX_o)
 .debug_info      0x00160f         0x8d /opt/microchip/xc16/v2.10/bin/bin/../../lib/libc99-pic30-elf.a(umuldi3.XX_o)
 .debug_info      0x00169c         0x8b /opt/microchip/xc16/v2.10/bin/bin/../../lib/libc99-pic30-elf.a(dpack.XX_o)
 .debug_info      0x001727         0x93 /opt/microchip/xc16/v2.10/bin/bin/../../lib/libc99-pic30-elf.a(dpropagateNaN.XX_o)
 *(.gnu.linkonce.wi.*)

.debug_abbrev     0x000000        0x334
 *(.debug_abbrev)
 .debug_abbrev    0x000000         0x14 /opt/microchip/xc16/v2.10/bin/bin/../../lib/libc99-pic30-elf.a(fixunssfsi.XX_o)
 .debug_abbrev    0x000014         0x14 /opt/microchip/xc16/v2.10/bin/bin/../../lib/libc99-pic30-elf.a(floatunsisf.XX_o)
 .debug_abbrev    0x000028         0x14 /opt/microchip/xc16/v2.10/bin/bin/../../lib/libc99-pic30-elf.a(funpack.XX_o)
 .debug_abbrev    0x00003c         0x14 /opt/microchip/xc16/v2.10/bin/bin/../../lib/libc99-pic30-elf.a(udivsi3.XX_o)
 .debug_abbrev    0x000050         0x14 /opt/microchip/xc16/v2.10/bin/bin/../../lib/libc99-pic30-elf.a(addsf3x.XX_o)
 .debug_abbrev    0x000064         0x14 /opt/microchip/xc16/v2.10/bin/bin/../../lib/libc99-pic30-elf.a(divsf3x.XX_o)
 .debug_abbrev    0x000078         0x14 /opt/microchip/xc16/v2.10/bin/bin/../../lib/libc99-pic30-elf.a(dnrmpackfx.XX_o)
 .debug_abbrev    0x00008c         0x14 /opt/microchip/xc16/v2.10/bin/bin/../../lib/libc99-pic30-elf.a(typefx.XX_o)
 .debug_abbrev    0x0000a0         0x14 /opt/microchip/xc16/v2.10/bin/bin/../../lib/libc99-pic30-elf.a(propnanfx.XX_o)
 .debug_abbrev    0x0000b4         0x14 /opt/microchip/xc16/v2.10/bin/bin/../../lib/libc99-pic30-elf.a(spackfx.XX_o)
 .debug_abbrev    0x0000c8         0x14 /opt/microchip/xc16/v2.10/bin/bin/../../lib/libc99-pic30-elf.a(unpackfx.XX_o)
 .debug_abbrev    0x0000dc         0x14 /opt/microchip/xc16/v2.10/bin/bin/../../lib/libc99-pic30-elf.a(floatundisf.XX_o)
 .debug_abbrev    0x0000f0         0x14 /opt/microchip/xc16/v2.10/bin/bin/../../lib/libc99-pic30-elf.a(fpack.XX_o)
 .debug_abbrev    0x000104         0x14 /opt/microchip/xc16/v2.10/bin/bin/../../lib/libc99-pic30-elf.a(deqltle.XX_o)
 .debug_abbrev    0x000118         0x14 /opt/microchip/xc16/v2.10/bin/bin/../../lib/libc99-pic30-elf.a(dgtge.XX_o)
 .debug_abbrev    0x00012c         0x14 /opt/microchip/xc16/v2.10/bin/bin/../../lib/libc99-pic30-elf.a(divsi3.XX_o)
 .debug_abbrev    0x000140         0x14 /opt/microchip/xc16/v2.10/bin/bin/../../lib/libc99-pic30-elf.a(dne.XX_o)
 .debug_abbrev    0x000154         0x14 /opt/microchip/xc16/v2.10/bin/bin/../../lib/libc99-pic30-elf.a(extendsfdf.XX_o)
 .debug_abbrev    0x000168         0x14 /opt/microchip/xc16/v2.10/bin/bin/../../lib/libc99-pic30-elf.a(fixdfsi.XX_o)
 .debug_abbrev    0x00017c         0x14 /opt/microchip/xc16/v2.10/bin/bin/../../lib/libc99-pic30-elf.a(floatsidf.XX_o)
 .debug_abbrev    0x000190         0x14 /opt/microchip/xc16/v2.10/bin/bin/../../lib/libc99-pic30-elf.a(floatsisf.XX_o)
 .debug_abbrev    0x0001a4         0x14 /opt/microchip/xc16/v2.10/bin/bin/../../lib/libc99-pic30-elf.a(floatunsidf.XX_o)
 .debug_abbrev    0x0001b8         0x14 /opt/microchip/xc16/v2.10/bin/bin/../../lib/libc99-pic30-elf.a(truncdfsf.XX_o)
 .debug_abbrev    0x0001cc         0x14 /opt/microchip/xc16/v2.10/bin/bin/../../lib/libc99-pic30-elf.a(umodsi3.XX_o)
 .debug_abbrev    0x0001e0         0x14 /opt/microchip/xc16/v2.10/bin/bin/../../lib/libc99-pic30-elf.a(mulsi3.XX_o)
 .debug_abbrev    0x0001f4         0x14 /opt/microchip/xc16/v2.10/bin/bin/../../lib/libc99-pic30-elf.a(dpadd.XX_o)
 .debug_abbrev    0x000208         0x14 /opt/microchip/xc16/v2.10/bin/bin/../../lib/libc99-pic30-elf.a(dpdiv.XX_o)
 .debug_abbrev    0x00021c         0x14 /opt/microchip/xc16/v2.10/bin/bin/../../lib/libc99-pic30-elf.a(dpmul.XX_o)
 .debug_abbrev    0x000230         0x14 /opt/microchip/xc16/v2.10/bin/bin/../../lib/libc99-pic30-elf.a(dpsubs.XX_o)
 .debug_abbrev    0x000244         0x14 /opt/microchip/xc16/v2.10/bin/bin/../../lib/libc99-pic30-elf.a(mulsf3x.XX_o)
 .debug_abbrev    0x000258         0x14 /opt/microchip/xc16/v2.10/bin/bin/../../lib/libc99-pic30-elf.a(unpackdnrmfx.XX_o)
 .debug_abbrev    0x00026c         0x14 /opt/microchip/xc16/v2.10/bin/bin/../../lib/libc99-pic30-elf.a(dcompare.XX_o)
 .debug_abbrev    0x000280         0x14 /opt/microchip/xc16/v2.10/bin/bin/../../lib/libc99-pic30-elf.a(dtype.XX_o)
 .debug_abbrev    0x000294         0x14 /opt/microchip/xc16/v2.10/bin/bin/../../lib/libc99-pic30-elf.a(dunpack.XX_o)
 .debug_abbrev    0x0002a8         0x14 /opt/microchip/xc16/v2.10/bin/bin/../../lib/libc99-pic30-elf.a(dunpack2.XX_o)
 .debug_abbrev    0x0002bc         0x14 /opt/microchip/xc16/v2.10/bin/bin/../../lib/libc99-pic30-elf.a(floatdidf.XX_o)
 .debug_abbrev    0x0002d0         0x14 /opt/microchip/xc16/v2.10/bin/bin/../../lib/libc99-pic30-elf.a(floatdisf.XX_o)
 .debug_abbrev    0x0002e4         0x14 /opt/microchip/xc16/v2.10/bin/bin/../../lib/libc99-pic30-elf.a(floatundidf.XX_o)
 .debug_abbrev    0x0002f8         0x14 /opt/microchip/xc16/v2.10/bin/bin/../../lib/libc99-pic30-elf.a(umuldi3.XX_o)
 .debug_abbrev    0x00030c         0x14 /opt/microchip/xc16/v2.10/bin/bin/../../lib/libc99-pic30-elf.a(dpack.XX_o)
 .debug_abbrev    0x000320         0x14 /opt/microchip/xc16/v2.10/bin/bin/../../lib/libc99-pic30-elf.a(dpropagateNaN.XX_o)

.debug_line       0x000000       0x11ab
 *(.debug_line)
 .debug_line      0x000000         0x53 /opt/microchip/xc16/v2.10/bin/bin/../../lib/libc99-pic30-elf.a(fixunssfsi.XX_o)
 .debug_line      0x000053         0x3b /opt/microchip/xc16/v2.10/bin/bin/../../lib/libc99-pic30-elf.a(floatunsisf.XX_o)
 .debug_line      0x00008e         0x4a /opt/microchip/xc16/v2.10/bin/bin/../../lib/libc99-pic30-elf.a(funpack.XX_o)
 .debug_line      0x0000d8         0x45 /opt/microchip/xc16/v2.10/bin/bin/../../lib/libc99-pic30-elf.a(udivsi3.XX_o)
 .debug_line      0x00011d        0x136 /opt/microchip/xc16/v2.10/bin/bin/../../lib/libc99-pic30-elf.a(addsf3x.XX_o)
 .debug_line      0x000253        0x124 /opt/microchip/xc16/v2.10/bin/bin/../../lib/libc99-pic30-elf.a(divsf3x.XX_o)
 .debug_line      0x000377         0x72 /opt/microchip/xc16/v2.10/bin/bin/../../lib/libc99-pic30-elf.a(dnrmpackfx.XX_o)
 .debug_line      0x0003e9         0x5e /opt/microchip/xc16/v2.10/bin/bin/../../lib/libc99-pic30-elf.a(typefx.XX_o)
 .debug_line      0x000447         0x51 /opt/microchip/xc16/v2.10/bin/bin/../../lib/libc99-pic30-elf.a(propnanfx.XX_o)
 .debug_line      0x000498         0x98 /opt/microchip/xc16/v2.10/bin/bin/../../lib/libc99-pic30-elf.a(spackfx.XX_o)
 .debug_line      0x000530         0x79 /opt/microchip/xc16/v2.10/bin/bin/../../lib/libc99-pic30-elf.a(unpackfx.XX_o)
 .debug_line      0x0005a9         0x1a /opt/microchip/xc16/v2.10/bin/bin/../../lib/libc99-pic30-elf.a(errno.XX_o)
 .debug_line      0x0005c3         0x6c /opt/microchip/xc16/v2.10/bin/bin/../../lib/libc99-pic30-elf.a(floatundisf.XX_o)
 .debug_line      0x00062f         0x5a /opt/microchip/xc16/v2.10/bin/bin/../../lib/libc99-pic30-elf.a(fpack.XX_o)
 .debug_line      0x000689         0x3a /opt/microchip/xc16/v2.10/bin/bin/../../lib/libc99-pic30-elf.a(deqltle.XX_o)
 .debug_line      0x0006c3         0x38 /opt/microchip/xc16/v2.10/bin/bin/../../lib/libc99-pic30-elf.a(dgtge.XX_o)
 .debug_line      0x0006fb         0x43 /opt/microchip/xc16/v2.10/bin/bin/../../lib/libc99-pic30-elf.a(divsi3.XX_o)
 .debug_line      0x00073e         0x36 /opt/microchip/xc16/v2.10/bin/bin/../../lib/libc99-pic30-elf.a(dne.XX_o)
 .debug_line      0x000774         0x59 /opt/microchip/xc16/v2.10/bin/bin/../../lib/libc99-pic30-elf.a(extendsfdf.XX_o)
 .debug_line      0x0007cd         0x61 /opt/microchip/xc16/v2.10/bin/bin/../../lib/libc99-pic30-elf.a(fixdfsi.XX_o)
 .debug_line      0x00082e         0x3a /opt/microchip/xc16/v2.10/bin/bin/../../lib/libc99-pic30-elf.a(floatsidf.XX_o)
 .debug_line      0x000868         0x3a /opt/microchip/xc16/v2.10/bin/bin/../../lib/libc99-pic30-elf.a(floatsisf.XX_o)
 .debug_line      0x0008a2         0x3b /opt/microchip/xc16/v2.10/bin/bin/../../lib/libc99-pic30-elf.a(floatunsidf.XX_o)
 .debug_line      0x0008dd         0x66 /opt/microchip/xc16/v2.10/bin/bin/../../lib/libc99-pic30-elf.a(truncdfsf.XX_o)
 .debug_line      0x000943         0x38 /opt/microchip/xc16/v2.10/bin/bin/../../lib/libc99-pic30-elf.a(umodsi3.XX_o)
 .debug_line      0x00097b         0x3a /opt/microchip/xc16/v2.10/bin/bin/../../lib/libc99-pic30-elf.a(mulsi3.XX_o)
 .debug_line      0x0009b5         0xa2 /opt/microchip/xc16/v2.10/bin/bin/../../lib/libc99-pic30-elf.a(dpadd.XX_o)
 .debug_line      0x000a57        0x100 /opt/microchip/xc16/v2.10/bin/bin/../../lib/libc99-pic30-elf.a(dpdiv.XX_o)
 .debug_line      0x000b57         0xde /opt/microchip/xc16/v2.10/bin/bin/../../lib/libc99-pic30-elf.a(dpmul.XX_o)
 .debug_line      0x000c35         0xe8 /opt/microchip/xc16/v2.10/bin/bin/../../lib/libc99-pic30-elf.a(dpsubs.XX_o)
 .debug_line      0x000d1d         0xcc /opt/microchip/xc16/v2.10/bin/bin/../../lib/libc99-pic30-elf.a(mulsf3x.XX_o)
 .debug_line      0x000de9         0x7a /opt/microchip/xc16/v2.10/bin/bin/../../lib/libc99-pic30-elf.a(unpackdnrmfx.XX_o)
 .debug_line      0x000e63         0x5f /opt/microchip/xc16/v2.10/bin/bin/../../lib/libc99-pic30-elf.a(dcompare.XX_o)
 .debug_line      0x000ec2         0x45 /opt/microchip/xc16/v2.10/bin/bin/../../lib/libc99-pic30-elf.a(dtype.XX_o)
 .debug_line      0x000f07         0x5c /opt/microchip/xc16/v2.10/bin/bin/../../lib/libc99-pic30-elf.a(dunpack.XX_o)
 .debug_line      0x000f63         0x53 /opt/microchip/xc16/v2.10/bin/bin/../../lib/libc99-pic30-elf.a(dunpack2.XX_o)
 .debug_line      0x000fb6         0x47 /opt/microchip/xc16/v2.10/bin/bin/../../lib/libc99-pic30-elf.a(floatdidf.XX_o)
 .debug_line      0x000ffd         0x47 /opt/microchip/xc16/v2.10/bin/bin/../../lib/libc99-pic30-elf.a(floatdisf.XX_o)
 .debug_line      0x001044         0x68 /opt/microchip/xc16/v2.10/bin/bin/../../lib/libc99-pic30-elf.a(floatundidf.XX_o)
 .debug_line      0x0010ac         0x57 /opt/microchip/xc16/v2.10/bin/bin/../../lib/libc99-pic30-elf.a(umuldi3.XX_o)
 .debug_line      0x001103         0x5f /opt/microchip/xc16/v2.10/bin/bin/../../lib/libc99-pic30-elf.a(dpack.XX_o)
 .debug_line      0x001162         0x49 /opt/microchip/xc16/v2.10/bin/bin/../../lib/libc99-pic30-elf.a(dpropagateNaN.XX_o)

.debug_frame
 *(.debug_frame)

.debug_str
 *(.debug_str)

.debug_loc
 *(.debug_loc)

.debug_macinfo
 *(.debug_macinfo)

.debug_pubnames
 *(.debug_pubnames)

.debug_ranges
 *(.debug_ranges)

.debug_aranges    0x000000        0x520
 *(.debug_aranges)
 .debug_aranges
                  0x000000         0x20 /opt/microchip/xc16/v2.10/bin/bin/../../lib/libc99-pic30-elf.a(fixunssfsi.XX_o)
 .debug_aranges
                  0x000020         0x20 /opt/microchip/xc16/v2.10/bin/bin/../../lib/libc99-pic30-elf.a(floatunsisf.XX_o)
 .debug_aranges
                  0x000040         0x20 /opt/microchip/xc16/v2.10/bin/bin/../../lib/libc99-pic30-elf.a(funpack.XX_o)
 .debug_aranges
                  0x000060         0x20 /opt/microchip/xc16/v2.10/bin/bin/../../lib/libc99-pic30-elf.a(udivsi3.XX_o)
 .debug_aranges
                  0x000080         0x20 /opt/microchip/xc16/v2.10/bin/bin/../../lib/libc99-pic30-elf.a(addsf3x.XX_o)
 .debug_aranges
                  0x0000a0         0x20 /opt/microchip/xc16/v2.10/bin/bin/../../lib/libc99-pic30-elf.a(divsf3x.XX_o)
 .debug_aranges
                  0x0000c0         0x20 /opt/microchip/xc16/v2.10/bin/bin/../../lib/libc99-pic30-elf.a(dnrmpackfx.XX_o)
 .debug_aranges
                  0x0000e0         0x20 /opt/microchip/xc16/v2.10/bin/bin/../../lib/libc99-pic30-elf.a(typefx.XX_o)
 .debug_aranges
                  0x000100         0x20 /opt/microchip/xc16/v2.10/bin/bin/../../lib/libc99-pic30-elf.a(propnanfx.XX_o)
 .debug_aranges
                  0x000120         0x20 /opt/microchip/xc16/v2.10/bin/bin/../../lib/libc99-pic30-elf.a(spackfx.XX_o)
 .debug_aranges
                  0x000140         0x20 /opt/microchip/xc16/v2.10/bin/bin/../../lib/libc99-pic30-elf.a(unpackfx.XX_o)
 .debug_aranges
                  0x000160         0x20 /opt/microchip/xc16/v2.10/bin/bin/../../lib/libc99-pic30-elf.a(floatundisf.XX_o)
 .debug_aranges
                  0x000180         0x20 /opt/microchip/xc16/v2.10/bin/bin/../../lib/libc99-pic30-elf.a(fpack.XX_o)
 .debug_aranges
                  0x0001a0         0x20 /opt/microchip/xc16/v2.10/bin/bin/../../lib/libc99-pic30-elf.a(deqltle.XX_o)
 .debug_aranges
                  0x0001c0         0x20 /opt/microchip/xc16/v2.10/bin/bin/../../lib/libc99-pic30-elf.a(dgtge.XX_o)
 .debug_aranges
                  0x0001e0         0x20 /opt/microchip/xc16/v2.10/bin/bin/../../lib/libc99-pic30-elf.a(divsi3.XX_o)
 .debug_aranges
                  0x000200         0x20 /opt/microchip/xc16/v2.10/bin/bin/../../lib/libc99-pic30-elf.a(dne.XX_o)
 .debug_aranges
                  0x000220         0x20 /opt/microchip/xc16/v2.10/bin/bin/../../lib/libc99-pic30-elf.a(extendsfdf.XX_o)
 .debug_aranges
                  0x000240         0x20 /opt/microchip/xc16/v2.10/bin/bin/../../lib/libc99-pic30-elf.a(fixdfsi.XX_o)
 .debug_aranges
                  0x000260         0x20 /opt/microchip/xc16/v2.10/bin/bin/../../lib/libc99-pic30-elf.a(floatsidf.XX_o)
 .debug_aranges
                  0x000280         0x20 /opt/microchip/xc16/v2.10/bin/bin/../../lib/libc99-pic30-elf.a(floatsisf.XX_o)
 .debug_aranges
                  0x0002a0         0x20 /opt/microchip/xc16/v2.10/bin/bin/../../lib/libc99-pic30-elf.a(floatunsidf.XX_o)
 .debug_aranges
                  0x0002c0         0x20 /opt/microchip/xc16/v2.10/bin/bin/../../lib/libc99-pic30-elf.a(truncdfsf.XX_o)
 .debug_aranges
                  0x0002e0         0x20 /opt/microchip/xc16/v2.10/bin/bin/../../lib/libc99-pic30-elf.a(umodsi3.XX_o)
 .debug_aranges
                  0x000300         0x20 /opt/microchip/xc16/v2.10/bin/bin/../../lib/libc99-pic30-elf.a(mulsi3.XX_o)
 .debug_aranges
                  0x000320         0x20 /opt/microchip/xc16/v2.10/bin/bin/../../lib/libc99-pic30-elf.a(dpadd.XX_o)
 .debug_aranges
                  0x000340         0x20 /opt/microchip/xc16/v2.10/bin/bin/../../lib/libc99-pic30-elf.a(dpdiv.XX_o)
 .debug_aranges
                  0x000360         0x20 /opt/microchip/xc16/v2.10/bin/bin/../../lib/libc99-pic30-elf.a(dpmul.XX_o)
 .debug_aranges
                  0x000380         0x20 /opt/microchip/xc16/v2.10/bin/bin/../../lib/libc99-pic30-elf.a(dpsubs.XX_o)
 .debug_aranges
                  0x0003a0         0x20 /opt/microchip/xc16/v2.10/bin/bin/../../lib/libc99-pic30-elf.a(mulsf3x.XX_o)
 .debug_aranges
                  0x0003c0         0x20 /opt/microchip/xc16/v2.10/bin/bin/../../lib/libc99-pic30-elf.a(unpackdnrmfx.XX_o)
 .debug_aranges
                  0x0003e0         0x20 /opt/microchip/xc16/v2.10/bin/bin/../../lib/libc99-pic30-elf.a(dcompare.XX_o)
 .debug_aranges
                  0x000400         0x20 /opt/microchip/xc16/v2.10/bin/bin/../../lib/libc99-pic30-elf.a(dtype.XX_o)
 .debug_aranges
                  0x000420         0x20 /opt/microchip/xc16/v2.10/bin/bin/../../lib/libc99-pic30-elf.a(dunpack.XX_o)
 .debug_aranges
                  0x000440         0x20 /opt/microchip/xc16/v2.10/bin/bin/../../lib/libc99-pic30-elf.a(dunpack2.XX_o)
 .debug_aranges
                  0x000460         0x20 /opt/microchip/xc16/v2.10/bin/bin/../../lib/libc99-pic30-elf.a(floatdidf.XX_o)
 .debug_aranges
                  0x000480         0x20 /opt/microchip/xc16/v2.10/bin/bin/../../lib/libc99-pic30-elf.a(floatdisf.XX_o)
 .debug_aranges
                  0x0004a0         0x20 /opt/microchip/xc16/v2.10/bin/bin/../../lib/libc99-pic30-elf.a(floatundidf.XX_o)
 .debug_aranges
                  0x0004c0         0x20 /opt/microchip/xc16/v2.10/bin/bin/../../lib/libc99-pic30-elf.a(umuldi3.XX_o)
 .debug_aranges
                  0x0004e0         0x20 /opt/microchip/xc16/v2.10/bin/bin/../../lib/libc99-pic30-elf.a(dpack.XX_o)
 .debug_aranges
                  0x000500         0x20 /opt/microchip/xc16/v2.10/bin/bin/../../lib/libc99-pic30-elf.a(dpropagateNaN.XX_o)
                    0x0000                  WREG0 = 0x0
                    0x0000                  _WREG0 = 0x0
                    0x0002                  WREG1 = 0x2
                    0x0002                  _WREG1 = 0x2
                    0x0004                  WREG2 = 0x4
                    0x0004                  _WREG2 = 0x4
                    0x0006                  WREG3 = 0x6
                    0x0006                  _WREG3 = 0x6
                    0x0008                  WREG4 = 0x8
                    0x0008                  _WREG4 = 0x8
                    0x000a                  WREG5 = 0xa
                    0x000a                  _WREG5 = 0xa
                    0x000c                  WREG6 = 0xc
                    0x000c                  _WREG6 = 0xc
                    0x000e                  WREG7 = 0xe
                    0x000e                  _WREG7 = 0xe
                    0x0010                  WREG8 = 0x10
                    0x0010                  _WREG8 = 0x10
                    0x0012                  WREG9 = 0x12
                    0x0012                  _WREG9 = 0x12
                    0x0014                  WREG10 = 0x14
                    0x0014                  _WREG10 = 0x14
                    0x0016                  WREG11 = 0x16
                    0x0016                  _WREG11 = 0x16
                    0x0018                  WREG12 = 0x18
                    0x0018                  _WREG12 = 0x18
                    0x001a                  WREG13 = 0x1a
                    0x001a                  _WREG13 = 0x1a
                    0x001c                  WREG14 = 0x1c
                    0x001c                  _WREG14 = 0x1c
                    0x001e                  WREG15 = 0x1e
                    0x001e                  _WREG15 = 0x1e
                    0x0020                  SPLIM = 0x20
                    0x0020                  _SPLIM = 0x20
                    0x002e                  PCL = 0x2e
                    0x002e                  _PCL = 0x2e
                    0x0030                  PCH = 0x30
                    0x0030                  _PCH = 0x30
                    0x0032                  TBLPAG = 0x32
                    0x0032                  _TBLPAG = 0x32
                    0x0034                  PSVPAG = 0x34
                    0x0034                  _PSVPAG = 0x34
                    0x0036                  RCOUNT = 0x36
                    0x0036                  _RCOUNT = 0x36
                    0x0042                  SR = 0x42
                    0x0042                  _SR = 0x42
                    0x0042                  _SRbits = 0x42
                    0x0044                  CORCON = 0x44
                    0x0044                  _CORCON = 0x44
                    0x0044                  _CORCONbits = 0x44
                    0x0052                  DISICNT = 0x52
                    0x0052                  _DISICNT = 0x52
                    0x0060                  CNEN1 = 0x60
                    0x0060                  _CNEN1 = 0x60
                    0x0060                  _CNEN1bits = 0x60
                    0x0062                  CNEN2 = 0x62
                    0x0062                  _CNEN2 = 0x62
                    0x0062                  _CNEN2bits = 0x62
                    0x0068                  CNPU1 = 0x68
                    0x0068                  _CNPU1 = 0x68
                    0x0068                  _CNPU1bits = 0x68
                    0x006a                  CNPU2 = 0x6a
                    0x006a                  _CNPU2 = 0x6a
                    0x006a                  _CNPU2bits = 0x6a
                    0x0080                  INTCON1 = 0x80
                    0x0080                  _INTCON1 = 0x80
                    0x0080                  _INTCON1bits = 0x80
                    0x0082                  INTCON2 = 0x82
                    0x0082                  _INTCON2 = 0x82
                    0x0082                  _INTCON2bits = 0x82
                    0x0084                  IFS0 = 0x84
                    0x0084                  _IFS0 = 0x84
                    0x0084                  _IFS0bits = 0x84
                    0x0086                  IFS1 = 0x86
                    0x0086                  _IFS1 = 0x86
                    0x0086                  _IFS1bits = 0x86
                    0x0088                  IFS2 = 0x88
                    0x0088                  _IFS2 = 0x88
                    0x0088                  _IFS2bits = 0x88
                    0x008a                  IFS3 = 0x8a
                    0x008a                  _IFS3 = 0x8a
                    0x008a                  _IFS3bits = 0x8a
                    0x008c                  IFS4 = 0x8c
                    0x008c                  _IFS4 = 0x8c
                    0x008c                  _IFS4bits = 0x8c
                    0x0094                  IEC0 = 0x94
                    0x0094                  _IEC0 = 0x94
                    0x0094                  _IEC0bits = 0x94
                    0x0096                  IEC1 = 0x96
                    0x0096                  _IEC1 = 0x96
                    0x0096                  _IEC1bits = 0x96
                    0x0098                  IEC2 = 0x98
                    0x0098                  _IEC2 = 0x98
                    0x0098                  _IEC2bits = 0x98
                    0x009a                  IEC3 = 0x9a
                    0x009a                  _IEC3 = 0x9a
                    0x009a                  _IEC3bits = 0x9a
                    0x009c                  IEC4 = 0x9c
                    0x009c                  _IEC4 = 0x9c
                    0x009c                  _IEC4bits = 0x9c
                    0x00a4                  IPC0 = 0xa4
                    0x00a4                  _IPC0 = 0xa4
                    0x00a4                  _IPC0bits = 0xa4
                    0x00a6                  IPC1 = 0xa6
                    0x00a6                  _IPC1 = 0xa6
                    0x00a6                  _IPC1bits = 0xa6
                    0x00a8                  IPC2 = 0xa8
                    0x00a8                  _IPC2 = 0xa8
                    0x00a8                  _IPC2bits = 0xa8
                    0x00aa                  IPC3 = 0xaa
                    0x00aa                  _IPC3 = 0xaa
                    0x00aa                  _IPC3bits = 0xaa
                    0x00ac                  IPC4 = 0xac
                    0x00ac                  _IPC4 = 0xac
                    0x00ac                  _IPC4bits = 0xac
                    0x00ae                  IPC5 = 0xae
                    0x00ae                  _IPC5 = 0xae
                    0x00ae                  _IPC5bits = 0xae
                    0x00b0                  IPC6 = 0xb0
                    0x00b0                  _IPC6 = 0xb0
                    0x00b0                  _IPC6bits = 0xb0
                    0x00b2                  IPC7 = 0xb2
                    0x00b2                  _IPC7 = 0xb2
                    0x00b2                  _IPC7bits = 0xb2
                    0x00b4                  IPC8 = 0xb4
                    0x00b4                  _IPC8 = 0xb4
                    0x00b4                  _IPC8bits = 0xb4
                    0x00b6                  IPC9 = 0xb6
                    0x00b6                  _IPC9 = 0xb6
                    0x00b6                  _IPC9bits = 0xb6
                    0x00b8                  IPC10 = 0xb8
                    0x00b8                  _IPC10 = 0xb8
                    0x00b8                  _IPC10bits = 0xb8
                    0x00ba                  IPC11 = 0xba
                    0x00ba                  _IPC11 = 0xba
                    0x00ba                  _IPC11bits = 0xba
                    0x00bc                  IPC12 = 0xbc
                    0x00bc                  _IPC12 = 0xbc
                    0x00bc                  _IPC12bits = 0xbc
                    0x00c2                  IPC15 = 0xc2
                    0x00c2                  _IPC15 = 0xc2
                    0x00c2                  _IPC15bits = 0xc2
                    0x00c4                  IPC16 = 0xc4
                    0x00c4                  _IPC16 = 0xc4
                    0x00c4                  _IPC16bits = 0xc4
                    0x00c8                  IPC18 = 0xc8
                    0x00c8                  _IPC18 = 0xc8
                    0x00c8                  _IPC18bits = 0xc8
                    0x00e0                  INTTREG = 0xe0
                    0x00e0                  _INTTREG = 0xe0
                    0x00e0                  _INTTREGbits = 0xe0
                    0x0100                  TMR1 = 0x100
                    0x0100                  _TMR1 = 0x100
                    0x0102                  PR1 = 0x102
                    0x0102                  _PR1 = 0x102
                    0x0104                  T1CON = 0x104
                    0x0104                  _T1CON = 0x104
                    0x0104                  _T1CONbits = 0x104
                    0x0106                  TMR2 = 0x106
                    0x0106                  _TMR2 = 0x106
                    0x0108                  TMR3HLD = 0x108
                    0x0108                  _TMR3HLD = 0x108
                    0x010a                  TMR3 = 0x10a
                    0x010a                  _TMR3 = 0x10a
                    0x010c                  PR2 = 0x10c
                    0x010c                  _PR2 = 0x10c
                    0x010e                  PR3 = 0x10e
                    0x010e                  _PR3 = 0x10e
                    0x0110                  T2CON = 0x110
                    0x0110                  _T2CON = 0x110
                    0x0110                  _T2CONbits = 0x110
                    0x0112                  T3CON = 0x112
                    0x0112                  _T3CON = 0x112
                    0x0112                  _T3CONbits = 0x112
                    0x0114                  TMR4 = 0x114
                    0x0114                  _TMR4 = 0x114
                    0x0116                  TMR5HLD = 0x116
                    0x0116                  _TMR5HLD = 0x116
                    0x0118                  TMR5 = 0x118
                    0x0118                  _TMR5 = 0x118
                    0x011a                  PR4 = 0x11a
                    0x011a                  _PR4 = 0x11a
                    0x011c                  PR5 = 0x11c
                    0x011c                  _PR5 = 0x11c
                    0x011e                  T4CON = 0x11e
                    0x011e                  _T4CON = 0x11e
                    0x011e                  _T4CONbits = 0x11e
                    0x0120                  T5CON = 0x120
                    0x0120                  _T5CON = 0x120
                    0x0120                  _T5CONbits = 0x120
                    0x0140                  IC1BUF = 0x140
                    0x0140                  _IC1BUF = 0x140
                    0x0142                  IC1CON = 0x142
                    0x0142                  _IC1CON = 0x142
                    0x0142                  _IC1CONbits = 0x142
                    0x0144                  IC2BUF = 0x144
                    0x0144                  _IC2BUF = 0x144
                    0x0146                  IC2CON = 0x146
                    0x0146                  _IC2CON = 0x146
                    0x0146                  _IC2CONbits = 0x146
                    0x0148                  IC3BUF = 0x148
                    0x0148                  _IC3BUF = 0x148
                    0x014a                  IC3CON = 0x14a
                    0x014a                  _IC3CON = 0x14a
                    0x014a                  _IC3CONbits = 0x14a
                    0x014c                  IC4BUF = 0x14c
                    0x014c                  _IC4BUF = 0x14c
                    0x014e                  IC4CON = 0x14e
                    0x014e                  _IC4CON = 0x14e
                    0x014e                  _IC4CONbits = 0x14e
                    0x0150                  IC5BUF = 0x150
                    0x0150                  _IC5BUF = 0x150
                    0x0152                  IC5CON = 0x152
                    0x0152                  _IC5CON = 0x152
                    0x0152                  _IC5CONbits = 0x152
                    0x0180                  OC1RS = 0x180
                    0x0180                  _OC1RS = 0x180
                    0x0182                  OC1R = 0x182
                    0x0182                  _OC1R = 0x182
                    0x0184                  OC1CON = 0x184
                    0x0184                  _OC1CON = 0x184
                    0x0184                  _OC1CONbits = 0x184
                    0x0186                  OC2RS = 0x186
                    0x0186                  _OC2RS = 0x186
                    0x0188                  OC2R = 0x188
                    0x0188                  _OC2R = 0x188
                    0x018a                  OC2CON = 0x18a
                    0x018a                  _OC2CON = 0x18a
                    0x018a                  _OC2CONbits = 0x18a
                    0x018c                  OC3RS = 0x18c
                    0x018c                  _OC3RS = 0x18c
                    0x018e                  OC3R = 0x18e
                    0x018e                  _OC3R = 0x18e
                    0x0190                  OC3CON = 0x190
                    0x0190                  _OC3CON = 0x190
                    0x0190                  _OC3CONbits = 0x190
                    0x0192                  OC4RS = 0x192
                    0x0192                  _OC4RS = 0x192
                    0x0194                  OC4R = 0x194
                    0x0194                  _OC4R = 0x194
                    0x0196                  OC4CON = 0x196
                    0x0196                  _OC4CON = 0x196
                    0x0196                  _OC4CONbits = 0x196
                    0x0198                  OC5RS = 0x198
                    0x0198                  _OC5RS = 0x198
                    0x019a                  OC5R = 0x19a
                    0x019a                  _OC5R = 0x19a
                    0x019c                  OC5CON = 0x19c
                    0x019c                  _OC5CON = 0x19c
                    0x019c                  _OC5CONbits = 0x19c
                    0x0200                  I2C1RCV = 0x200
                    0x0200                  _I2C1RCV = 0x200
                    0x0202                  I2C1TRN = 0x202
                    0x0202                  _I2C1TRN = 0x202
                    0x0204                  I2C1BRG = 0x204
                    0x0204                  _I2C1BRG = 0x204
                    0x0206                  I2C1CON = 0x206
                    0x0206                  _I2C1CON = 0x206
                    0x0206                  _I2C1CONbits = 0x206
                    0x0208                  I2C1STAT = 0x208
                    0x0208                  _I2C1STAT = 0x208
                    0x0208                  _I2C1STATbits = 0x208
                    0x020a                  I2C1ADD = 0x20a
                    0x020a                  _I2C1ADD = 0x20a
                    0x020c                  I2C1MSK = 0x20c
                    0x020c                  _I2C1MSK = 0x20c
                    0x0210                  I2C2RCV = 0x210
                    0x0210                  _I2C2RCV = 0x210
                    0x0212                  I2C2TRN = 0x212
                    0x0212                  _I2C2TRN = 0x212
                    0x0214                  I2C2BRG = 0x214
                    0x0214                  _I2C2BRG = 0x214
                    0x0216                  I2C2CON = 0x216
                    0x0216                  _I2C2CON = 0x216
                    0x0216                  _I2C2CONbits = 0x216
                    0x0218                  I2C2STAT = 0x218
                    0x0218                  _I2C2STAT = 0x218
                    0x0218                  _I2C2STATbits = 0x218
                    0x021a                  I2C2ADD = 0x21a
                    0x021a                  _I2C2ADD = 0x21a
                    0x021c                  I2C2MSK = 0x21c
                    0x021c                  _I2C2MSK = 0x21c
                    0x0220                  U1MODE = 0x220
                    0x0220                  _U1MODE = 0x220
                    0x0220                  _U1MODEbits = 0x220
                    0x0222                  U1STA = 0x222
                    0x0222                  _U1STA = 0x222
                    0x0222                  _U1STAbits = 0x222
                    0x0224                  U1TXREG = 0x224
                    0x0224                  _U1TXREG = 0x224
                    0x0226                  U1RXREG = 0x226
                    0x0226                  _U1RXREG = 0x226
                    0x0228                  U1BRG = 0x228
                    0x0228                  _U1BRG = 0x228
                    0x0230                  U2MODE = 0x230
                    0x0230                  _U2MODE = 0x230
                    0x0230                  _U2MODEbits = 0x230
                    0x0232                  U2STA = 0x232
                    0x0232                  _U2STA = 0x232
                    0x0232                  _U2STAbits = 0x232
                    0x0234                  U2TXREG = 0x234
                    0x0234                  _U2TXREG = 0x234
                    0x0236                  U2RXREG = 0x236
                    0x0236                  _U2RXREG = 0x236
                    0x0238                  U2BRG = 0x238
                    0x0238                  _U2BRG = 0x238
                    0x0240                  SPI1STAT = 0x240
                    0x0240                  _SPI1STAT = 0x240
                    0x0240                  _SPI1STATbits = 0x240
                    0x0242                  SPI1CON1 = 0x242
                    0x0242                  _SPI1CON1 = 0x242
                    0x0242                  _SPI1CON1bits = 0x242
                    0x0244                  SPI1CON2 = 0x244
                    0x0244                  _SPI1CON2 = 0x244
                    0x0244                  _SPI1CON2bits = 0x244
                    0x0248                  SPI1BUF = 0x248
                    0x0248                  _SPI1BUF = 0x248
                    0x0260                  SPI2STAT = 0x260
                    0x0260                  _SPI2STAT = 0x260
                    0x0260                  _SPI2STATbits = 0x260
                    0x0262                  SPI2CON1 = 0x262
                    0x0262                  _SPI2CON1 = 0x262
                    0x0262                  _SPI2CON1bits = 0x262
                    0x0264                  SPI2CON2 = 0x264
                    0x0264                  _SPI2CON2 = 0x264
                    0x0264                  _SPI2CON2bits = 0x264
                    0x0268                  SPI2BUF = 0x268
                    0x0268                  _SPI2BUF = 0x268
                    0x02c0                  TRISA = 0x2c0
                    0x02c0                  _TRISA = 0x2c0
                    0x02c0                  _TRISAbits = 0x2c0
                    0x02c2                  PORTA = 0x2c2
                    0x02c2                  _PORTA = 0x2c2
                    0x02c2                  _PORTAbits = 0x2c2
                    0x02c4                  LATA = 0x2c4
                    0x02c4                  _LATA = 0x2c4
                    0x02c4                  _LATAbits = 0x2c4
                    0x02c6                  ODCA = 0x2c6
                    0x02c6                  _ODCA = 0x2c6
                    0x02c6                  _ODCAbits = 0x2c6
                    0x02c8                  TRISB = 0x2c8
                    0x02c8                  _TRISB = 0x2c8
                    0x02c8                  _TRISBbits = 0x2c8
                    0x02ca                  PORTB = 0x2ca
                    0x02ca                  _PORTB = 0x2ca
                    0x02ca                  _PORTBbits = 0x2ca
                    0x02cc                  LATB = 0x2cc
                    0x02cc                  _LATB = 0x2cc
                    0x02cc                  _LATBbits = 0x2cc
                    0x02ce                  ODCB = 0x2ce
                    0x02ce                  _ODCB = 0x2ce
                    0x02ce                  _ODCBbits = 0x2ce
                    0x02fc                  PADCFG1 = 0x2fc
                    0x02fc                  _PADCFG1 = 0x2fc
                    0x02fc                  _PADCFG1bits = 0x2fc
                    0x0300                  ADC1BUF0 = 0x300
                    0x0300                  _ADC1BUF0 = 0x300
                    0x0302                  ADC1BUF1 = 0x302
                    0x0302                  _ADC1BUF1 = 0x302
                    0x0304                  ADC1BUF2 = 0x304
                    0x0304                  _ADC1BUF2 = 0x304
                    0x0306                  ADC1BUF3 = 0x306
                    0x0306                  _ADC1BUF3 = 0x306
                    0x0308                  ADC1BUF4 = 0x308
                    0x0308                  _ADC1BUF4 = 0x308
                    0x030a                  ADC1BUF5 = 0x30a
                    0x030a                  _ADC1BUF5 = 0x30a
                    0x030c                  ADC1BUF6 = 0x30c
                    0x030c                  _ADC1BUF6 = 0x30c
                    0x030e                  ADC1BUF7 = 0x30e
                    0x030e                  _ADC1BUF7 = 0x30e
                    0x0310                  ADC1BUF8 = 0x310
                    0x0310                  _ADC1BUF8 = 0x310
                    0x0312                  ADC1BUF9 = 0x312
                    0x0312                  _ADC1BUF9 = 0x312
                    0x0314                  ADC1BUFA = 0x314
                    0x0314                  _ADC1BUFA = 0x314
                    0x0316                  ADC1BUFB = 0x316
                    0x0316                  _ADC1BUFB = 0x316
                    0x0318                  ADC1BUFC = 0x318
                    0x0318                  _ADC1BUFC = 0x318
                    0x031a                  ADC1BUFD = 0x31a
                    0x031a                  _ADC1BUFD = 0x31a
                    0x031c                  ADC1BUFE = 0x31c
                    0x031c                  _ADC1BUFE = 0x31c
                    0x031e                  ADC1BUFF = 0x31e
                    0x031e                  _ADC1BUFF = 0x31e
                    0x0320                  AD1CON1 = 0x320
                    0x0320                  _AD1CON1 = 0x320
                    0x0320                  _AD1CON1bits = 0x320
                    0x0322                  AD1CON2 = 0x322
                    0x0322                  _AD1CON2 = 0x322
                    0x0322                  _AD1CON2bits = 0x322
                    0x0324                  AD1CON3 = 0x324
                    0x0324                  _AD1CON3 = 0x324
                    0x0324                  _AD1CON3bits = 0x324
                    0x0328                  AD1CHS = 0x328
                    0x0328                  _AD1CHS = 0x328
                    0x0328                  _AD1CHSbits = 0x328
                    0x032c                  AD1PCFG = 0x32c
                    0x032c                  _AD1PCFG = 0x32c
                    0x032c                  _AD1PCFGbits = 0x32c
                    0x0330                  AD1CSSL = 0x330
                    0x0330                  _AD1CSSL = 0x330
                    0x0330                  _AD1CSSLbits = 0x330
                    0x0600                  PMCON = 0x600
                    0x0600                  _PMCON = 0x600
                    0x0600                  _PMCONbits = 0x600
                    0x0602                  PMMODE = 0x602
                    0x0602                  _PMMODE = 0x602
                    0x0602                  _PMMODEbits = 0x602
                    0x0604                  PMADDR = 0x604
                    0x0604                  _PMADDR = 0x604
                    0x0604                  _PMADDRbits = 0x604
                    0x0604                  PMDOUT1 = 0x604
                    0x0604                  _PMDOUT1 = 0x604
                    0x0604                  _PMDOUT1bits = 0x604
                    0x0606                  PMDOUT2 = 0x606
                    0x0606                  _PMDOUT2 = 0x606
                    0x0608                  PMDIN1 = 0x608
                    0x0608                  _PMDIN1 = 0x608
                    0x060a                  PMDIN2 = 0x60a
                    0x060a                  _PMDIN2 = 0x60a
                    0x060c                  PMAEN = 0x60c
                    0x060c                  _PMAEN = 0x60c
                    0x060c                  _PMAENbits = 0x60c
                    0x060e                  PMSTAT = 0x60e
                    0x060e                  _PMSTAT = 0x60e
                    0x060e                  _PMSTATbits = 0x60e
                    0x0620                  ALRMVAL = 0x620
                    0x0620                  _ALRMVAL = 0x620
                    0x0622                  ALCFGRPT = 0x622
                    0x0622                  _ALCFGRPT = 0x622
                    0x0622                  _ALCFGRPTbits = 0x622
                    0x0624                  RTCVAL = 0x624
                    0x0624                  _RTCVAL = 0x624
                    0x0626                  RCFGCAL = 0x626
                    0x0626                  _RCFGCAL = 0x626
                    0x0626                  _RCFGCALbits = 0x626
                    0x0630                  CMCON = 0x630
                    0x0630                  _CMCON = 0x630
                    0x0630                  _CMCONbits = 0x630
                    0x0632                  CVRCON = 0x632
                    0x0632                  _CVRCON = 0x632
                    0x0632                  _CVRCONbits = 0x632
                    0x0640                  CRCCON = 0x640
                    0x0640                  _CRCCON = 0x640
                    0x0640                  _CRCCONbits = 0x640
                    0x0642                  CRCXOR = 0x642
                    0x0642                  _CRCXOR = 0x642
                    0x0642                  _CRCXORbits = 0x642
                    0x0644                  CRCDAT = 0x644
                    0x0644                  _CRCDAT = 0x644
                    0x0646                  CRCWDAT = 0x646
                    0x0646                  _CRCWDAT = 0x646
                    0x0680                  RPINR0 = 0x680
                    0x0680                  _RPINR0 = 0x680
                    0x0680                  _RPINR0bits = 0x680
                    0x0682                  RPINR1 = 0x682
                    0x0682                  _RPINR1 = 0x682
                    0x0682                  _RPINR1bits = 0x682
                    0x0686                  RPINR3 = 0x686
                    0x0686                  _RPINR3 = 0x686
                    0x0686                  _RPINR3bits = 0x686
                    0x0688                  RPINR4 = 0x688
                    0x0688                  _RPINR4 = 0x688
                    0x0688                  _RPINR4bits = 0x688
                    0x068e                  RPINR7 = 0x68e
                    0x068e                  _RPINR7 = 0x68e
                    0x068e                  _RPINR7bits = 0x68e
                    0x0690                  RPINR8 = 0x690
                    0x0690                  _RPINR8 = 0x690
                    0x0690                  _RPINR8bits = 0x690
                    0x0692                  RPINR9 = 0x692
                    0x0692                  _RPINR9 = 0x692
                    0x0692                  _RPINR9bits = 0x692
                    0x0696                  RPINR11 = 0x696
                    0x0696                  _RPINR11 = 0x696
                    0x0696                  _RPINR11bits = 0x696
                    0x06a4                  RPINR18 = 0x6a4
                    0x06a4                  _RPINR18 = 0x6a4
                    0x06a4                  _RPINR18bits = 0x6a4
                    0x06a6                  RPINR19 = 0x6a6
                    0x06a6                  _RPINR19 = 0x6a6
                    0x06a6                  _RPINR19bits = 0x6a6
                    0x06a8                  RPINR20 = 0x6a8
                    0x06a8                  _RPINR20 = 0x6a8
                    0x06a8                  _RPINR20bits = 0x6a8
                    0x06aa                  RPINR21 = 0x6aa
                    0x06aa                  _RPINR21 = 0x6aa
                    0x06aa                  _RPINR21bits = 0x6aa
                    0x06ac                  RPINR22 = 0x6ac
                    0x06ac                  _RPINR22 = 0x6ac
                    0x06ac                  _RPINR22bits = 0x6ac
                    0x06ae                  RPINR23 = 0x6ae
                    0x06ae                  _RPINR23 = 0x6ae
                    0x06ae                  _RPINR23bits = 0x6ae
                    0x06c0                  RPOR0 = 0x6c0
                    0x06c0                  _RPOR0 = 0x6c0
                    0x06c0                  _RPOR0bits = 0x6c0
                    0x06c2                  RPOR1 = 0x6c2
                    0x06c2                  _RPOR1 = 0x6c2
                    0x06c2                  _RPOR1bits = 0x6c2
                    0x06c4                  RPOR2 = 0x6c4
                    0x06c4                  _RPOR2 = 0x6c4
                    0x06c4                  _RPOR2bits = 0x6c4
                    0x06c6                  RPOR3 = 0x6c6
                    0x06c6                  _RPOR3 = 0x6c6
                    0x06c6                  _RPOR3bits = 0x6c6
                    0x06c8                  RPOR4 = 0x6c8
                    0x06c8                  _RPOR4 = 0x6c8
                    0x06c8                  _RPOR4bits = 0x6c8
                    0x06ca                  RPOR5 = 0x6ca
                    0x06ca                  _RPOR5 = 0x6ca
                    0x06ca                  _RPOR5bits = 0x6ca
                    0x06cc                  RPOR6 = 0x6cc
                    0x06cc                  _RPOR6 = 0x6cc
                    0x06cc                  _RPOR6bits = 0x6cc
                    0x06ce                  RPOR7 = 0x6ce
                    0x06ce                  _RPOR7 = 0x6ce
                    0x06ce                  _RPOR7bits = 0x6ce
                    0x0740                  RCON = 0x740
                    0x0740                  _RCON = 0x740
                    0x0740                  _RCONbits = 0x740
                    0x0742                  OSCCON = 0x742
                    0x0742                  _OSCCON = 0x742
                    0x0742                  _OSCCONbits = 0x742
                    0x0742                  OSCCONL = 0x742
                    0x0742                  _OSCCONL = 0x742
                    0x0743                  OSCCONH = 0x743
                    0x0743                  _OSCCONH = 0x743
                    0x0744                  CLKDIV = 0x744
                    0x0744                  _CLKDIV = 0x744
                    0x0744                  _CLKDIVbits = 0x744
                    0x0748                  OSCTUN = 0x748
                    0x0748                  _OSCTUN = 0x748
                    0x0748                  _OSCTUNbits = 0x748
                    0x0760                  NVMCON = 0x760
                    0x0760                  _NVMCON = 0x760
                    0x0760                  _NVMCONbits = 0x760
                    0x0766                  NVMKEY = 0x766
                    0x0766                  _NVMKEY = 0x766
                    0x0770                  PMD1 = 0x770
                    0x0770                  _PMD1 = 0x770
                    0x0770                  _PMD1bits = 0x770
                    0x0772                  PMD2 = 0x772
                    0x0772                  _PMD2 = 0x772
                    0x0772                  _PMD2bits = 0x772
                    0x0774                  PMD3 = 0x774
                    0x0774                  _PMD3 = 0x774
                    0x0774                  _PMD3bits = 0x774
                    0x0140                  IC1 = 0x140
                    0x0140                  _IC1 = 0x140
                    0x0144                  IC2 = 0x144
                    0x0144                  _IC2 = 0x144
                    0x0148                  IC3 = 0x148
                    0x0148                  _IC3 = 0x148
                    0x014c                  IC4 = 0x14c
                    0x014c                  _IC4 = 0x14c
                    0x0150                  IC5 = 0x150
                    0x0150                  _IC5 = 0x150
                    0x0180                  OC1 = 0x180
                    0x0180                  _OC1 = 0x180
                    0x0186                  OC2 = 0x186
                    0x0186                  _OC2 = 0x186
                    0x018c                  OC3 = 0x18c
                    0x018c                  _OC3 = 0x18c
                    0x0192                  OC4 = 0x192
                    0x0192                  _OC4 = 0x192
                    0x0198                  OC5 = 0x198
                    0x0198                  _OC5 = 0x198
                    0x0240                  SPI1 = 0x240
                    0x0240                  _SPI1 = 0x240
                    0x0260                  SPI2 = 0x260
                    0x0260                  _SPI2 = 0x260
                    0x0220                  UART1 = 0x220
                    0x0220                  _UART1 = 0x220
                    0x0230                  UART2 = 0x230
                    0x0230                  _UART2 = 0x230
START GROUP
LOAD /opt/microchip/xc16/v2.10/bin/bin/../../lib/libc99-pic30-elf.a
LOAD /opt/microchip/xc16/v2.10/bin/bin/../../lib/libm-elf.a
LOAD /opt/microchip/xc16/v2.10/bin/bin/../../lib/libc99-elf.a
END GROUP
OUTPUT(//root/Dropbox/EMIC/TARGETS/luciano.rottoli__rfindustrial.com/PruebasModulos/HRD_LoRaWan_3/dist/default/production/target.production.elf elf32-pic30)
LOAD jump_table
LOAD default_isr
LOAD data_init

__c30_signature
                  0x000520        0x264
 __c30_signature
                  0x000520          0x6 //root/Dropbox/EMIC/TARGETS/luciano.rottoli__rfindustrial.com/PruebasModulos/HRD_LoRaWan_3/build/default/production/timer.o
 __c30_signature
                  0x000526          0x6 //root/Dropbox/EMIC/TARGETS/luciano.rottoli__rfindustrial.com/PruebasModulos/HRD_LoRaWan_3/build/default/production/systemTimer.o
 __c30_signature
                  0x00052c          0x6 //root/Dropbox/EMIC/TARGETS/luciano.rottoli__rfindustrial.com/PruebasModulos/HRD_LoRaWan_3/build/default/production/led_Led1.o
 __c30_signature
                  0x000532          0x6 //root/Dropbox/EMIC/TARGETS/luciano.rottoli__rfindustrial.com/PruebasModulos/HRD_LoRaWan_3/build/default/production/led_Led2.o
 __c30_signature
                  0x000538          0x6 //root/Dropbox/EMIC/TARGETS/luciano.rottoli__rfindustrial.com/PruebasModulos/HRD_LoRaWan_3/build/default/production/led_Led3.o
 __c30_signature
                  0x00053e          0x6 //root/Dropbox/EMIC/TARGETS/luciano.rottoli__rfindustrial.com/PruebasModulos/HRD_LoRaWan_3/build/default/production/timer_api1.o
 __c30_signature
                  0x000544          0x6 //root/Dropbox/EMIC/TARGETS/luciano.rottoli__rfindustrial.com/PruebasModulos/HRD_LoRaWan_3/build/default/production/streamIn.o
 __c30_signature
                  0x00054a          0x6 //root/Dropbox/EMIC/TARGETS/luciano.rottoli__rfindustrial.com/PruebasModulos/HRD_LoRaWan_3/build/default/production/UART1.o
 __c30_signature
                  0x000550          0x6 //root/Dropbox/EMIC/TARGETS/luciano.rottoli__rfindustrial.com/PruebasModulos/HRD_LoRaWan_3/build/default/production/lora_e5.o
 __c30_signature
                  0x000556          0x6 //root/Dropbox/EMIC/TARGETS/luciano.rottoli__rfindustrial.com/PruebasModulos/HRD_LoRaWan_3/build/default/production/LoraWan_api.o
 __c30_signature
                  0x00055c          0x6 //root/Dropbox/EMIC/TARGETS/luciano.rottoli__rfindustrial.com/PruebasModulos/HRD_LoRaWan_3/build/default/production/stream.o
 __c30_signature
                  0x000562          0x6 //root/Dropbox/EMIC/TARGETS/luciano.rottoli__rfindustrial.com/PruebasModulos/HRD_LoRaWan_3/build/default/production/I2C1.o
 __c30_signature
                  0x000568          0x6 //root/Dropbox/EMIC/TARGETS/luciano.rottoli__rfindustrial.com/PruebasModulos/HRD_LoRaWan_3/build/default/production/I2C1_driver.o
 __c30_signature
                  0x00056e          0x6 //root/Dropbox/EMIC/TARGETS/luciano.rottoli__rfindustrial.com/PruebasModulos/HRD_LoRaWan_3/build/default/production/EMICBus.o
 __c30_signature
                  0x000574          0x6 //root/Dropbox/EMIC/TARGETS/luciano.rottoli__rfindustrial.com/PruebasModulos/HRD_LoRaWan_3/build/default/production/main.o
 __c30_signature
                  0x00057a          0x6 //root/Dropbox/EMIC/TARGETS/luciano.rottoli__rfindustrial.com/PruebasModulos/HRD_LoRaWan_3/build/default/production/userFncFile.o
 __c30_signature
                  0x000580          0x6 /opt/microchip/xc16/v2.10/bin/bin/../../lib/libc99-pic30-elf.a(crt0_standard.o)
 __c30_signature
                  0x000586          0x6 /opt/microchip/xc16/v2.10/bin/bin/../../lib/libc99-pic30-elf.a(data_init_standard.o)
 __c30_signature
                  0x00058c          0x6 /opt/microchip/xc16/v2.10/bin/bin/../../lib/libc99-pic30-elf.a(delay32.Meo)
 __c30_signature
                  0x000592          0x6 /opt/microchip/xc16/v2.10/bin/bin/../../lib/libc99-pic30-elf.a(fixunssfsi.XX_o)
 __c30_signature
                  0x000598          0x6 /opt/microchip/xc16/v2.10/bin/bin/../../lib/libc99-pic30-elf.a(floatunsisf.XX_o)
 __c30_signature
                  0x00059e          0x6 /opt/microchip/xc16/v2.10/bin/bin/../../lib/libc99-pic30-elf.a(funpack.XX_o)
 __c30_signature
                  0x0005a4          0x6 /opt/microchip/xc16/v2.10/bin/bin/../../lib/libc99-pic30-elf.a(udivsi3.XX_o)
 __c30_signature
                  0x0005aa          0x6 /opt/microchip/xc16/v2.10/bin/bin/../../lib/libc99-pic30-elf.a(errno.XX_o)
 __c30_signature
                  0x0005b0          0x6 /opt/microchip/xc16/v2.10/bin/bin/../../lib/libc99-pic30-elf.a(floatundisf.XX_o)
 __c30_signature
                  0x0005b6          0x6 /opt/microchip/xc16/v2.10/bin/bin/../../lib/libc99-pic30-elf.a(fpack.XX_o)
 __c30_signature
                  0x0005bc          0x6 /opt/microchip/xc16/v2.10/bin/bin/../../lib/libc99-elf.a(__sio_sprintf_dosux.XX_o)
 __c30_signature
                  0x0005c2          0x6 /opt/microchip/xc16/v2.10/bin/bin/../../lib/libc99-elf.a(atof.XX_o)
 __c30_signature
                  0x0005c8          0x6 /opt/microchip/xc16/v2.10/bin/bin/../../lib/libc99-elf.a(atoi.XX_o)
 __c30_signature
                  0x0005ce          0x6 /opt/microchip/xc16/v2.10/bin/bin/../../lib/libc99-elf.a(atol.XX_o)
 __c30_signature
                  0x0005d4          0x6 /opt/microchip/xc16/v2.10/bin/bin/../../lib/libc99-elf.a(atoll.XX_o)
 __c30_signature
                  0x0005da          0x6 /opt/microchip/xc16/v2.10/bin/bin/../../lib/libc99-elf.a(memcpy.XX_o)
 __c30_signature
                  0x0005e0          0x6 /opt/microchip/xc16/v2.10/bin/bin/../../lib/libc99-elf.a(memset.XX_o)
 __c30_signature
                  0x0005e6          0x6 /opt/microchip/xc16/v2.10/bin/bin/../../lib/libc99-elf.a(snprintf.XX_o)
 __c30_signature
                  0x0005ec          0x6 /opt/microchip/xc16/v2.10/bin/bin/../../lib/libc99-elf.a(strcpy.XX_o)
 __c30_signature
                  0x0005f2          0x6 /opt/microchip/xc16/v2.10/bin/bin/../../lib/libc99-elf.a(strstr.XX_o)
 __c30_signature
                  0x0005f8          0x6 /opt/microchip/xc16/v2.10/bin/bin/../../lib/libc99-elf.a(strtod.XX_o)
 __c30_signature
                  0x0005fe          0x6 /opt/microchip/xc16/v2.10/bin/bin/../../lib/libc99-elf.a(vsnprintf.XX_o)
 __c30_signature
                  0x000604          0x6 /opt/microchip/xc16/v2.10/bin/bin/../../lib/libc99-elf.a(__errno_location.XX_o)
 __c30_signature
                  0x00060a          0x6 /opt/microchip/xc16/v2.10/bin/bin/../../lib/libc99-elf.a(__fmt_d.XX_o)
 __c30_signature
                  0x000610          0x6 /opt/microchip/xc16/v2.10/bin/bin/../../lib/libc99-elf.a(__fmt_o.XX_o)
 __c30_signature
                  0x000616          0x6 /opt/microchip/xc16/v2.10/bin/bin/../../lib/libc99-elf.a(__fmt_s.XX_o)
 __c30_signature
                  0x00061c          0x6 /opt/microchip/xc16/v2.10/bin/bin/../../lib/libc99-elf.a(__fmt_u.XX_o)
 __c30_signature
                  0x000622          0x6 /opt/microchip/xc16/v2.10/bin/bin/../../lib/libc99-elf.a(__fmt_x.XX_o)
 __c30_signature
                  0x000628          0x6 /opt/microchip/xc16/v2.10/bin/bin/../../lib/libc99-elf.a(__int_vsprintf.XX_o)
 __c30_signature
                  0x00062e          0x6 /opt/microchip/xc16/v2.10/bin/bin/../../lib/libc99-elf.a(__pop_int.XX_o)
 __c30_signature
                  0x000634          0x6 /opt/microchip/xc16/v2.10/bin/bin/../../lib/libc99-elf.a(__pop_ptr.XX_o)
 __c30_signature
                  0x00063a          0x6 /opt/microchip/xc16/v2.10/bin/bin/../../lib/libc99-elf.a(__printf_core.XX_o)
 __c30_signature
                  0x000640          0x6 /opt/microchip/xc16/v2.10/bin/bin/../../lib/libc99-elf.a(floatscan.XX_o)
 __c30_signature
                  0x000646          0x6 /opt/microchip/xc16/v2.10/bin/bin/../../lib/libc99-elf.a(memchr.XX_o)
 __c30_signature
                  0x00064c          0x6 /opt/microchip/xc16/v2.10/bin/bin/../../lib/libc99-elf.a(memcmp.XX_o)
 __c30_signature
                  0x000652          0x6 /opt/microchip/xc16/v2.10/bin/bin/../../lib/libc99-elf.a(shgetc.XX_o)
 __c30_signature
                  0x000658          0x6 /opt/microchip/xc16/v2.10/bin/bin/../../lib/libc99-elf.a(stpcpy.XX_o)
 __c30_signature
                  0x00065e          0x6 /opt/microchip/xc16/v2.10/bin/bin/../../lib/libc99-elf.a(strchr.XX_o)
 __c30_signature
                  0x000664          0x6 /opt/microchip/xc16/v2.10/bin/bin/../../lib/libc99-elf.a(strchrnul.XX_o)
 __c30_signature
                  0x00066a          0x6 /opt/microchip/xc16/v2.10/bin/bin/../../lib/libc99-elf.a(strlen.XX_o)
 __c30_signature
                  0x000670          0x6 /opt/microchip/xc16/v2.10/bin/bin/../../lib/libc99-elf.a(tolower.XX_o)
 __c30_signature
                  0x000676          0x6 /opt/microchip/xc16/v2.10/bin/bin/../../lib/libc99-elf.a(toupper.XX_o)
 __c30_signature
                  0x00067c          0x6 /opt/microchip/xc16/v2.10/bin/bin/../../lib/libc99-elf.a(vfprintf.XX_o)
 __c30_signature
                  0x000682          0x6 /opt/microchip/xc16/v2.10/bin/bin/../../lib/libc99-elf.a(__int_vsnprintf.XX_o)
 __c30_signature
                  0x000688          0x6 /opt/microchip/xc16/v2.10/bin/bin/../../lib/libc99-elf.a(__io_fmt_needed.XX_o)
 __c30_signature
                  0x00068e          0x6 /opt/microchip/xc16/v2.10/bin/bin/../../lib/libc99-elf.a(__pop_float.XX_o)
 __c30_signature
                  0x000694          0x6 /opt/microchip/xc16/v2.10/bin/bin/../../lib/libc99-elf.a(__uflow.XX_o)
 __c30_signature
                  0x00069a          0x6 /opt/microchip/xc16/v2.10/bin/bin/../../lib/libc99-elf.a(__fmt_a.XX_o)
 __c30_signature
                  0x0006a0          0x6 /opt/microchip/xc16/v2.10/bin/bin/../../lib/libc99-elf.a(__fmt_fp.XX_o)
 __c30_signature
                  0x0006a6          0x6 /opt/microchip/xc16/v2.10/bin/bin/../../lib/libc99-elf.a(__int_vfprintf.XX_o)
 __c30_signature
                  0x0006ac          0x6 /opt/microchip/xc16/v2.10/bin/bin/../../lib/libc99-elf.a(__toread.XX_o)
 __c30_signature